Nov 11 15:55:50 Daniel kernel: [    0.000000] Linux version 5.15.153.1-microsoft-standard-WSL2 (root@941d701f84f1) (gcc (GCC) 11.2.0, GNU ld (GNU Binutils) 2.37) #1 SMP Fri Mar 29 23:14:13 UTC 2024
Nov 11 15:55:50 Daniel kernel: [    0.000000] Command line: initrd=\initrd.img WSL_ROOT_INIT=1 panic=-1 nr_cpus=16 hv_utils.timesync_implicit=1 console=hvc0 debug pty.legacy_count=0 WSL_ENABLE_CRASH_DUMP=1
Nov 11 15:55:50 Daniel kernel: [    0.000000] KERNEL supported cpus:
Nov 11 15:55:50 Daniel kernel: [    0.000000]   Intel GenuineIntel
Nov 11 15:55:50 Daniel kernel: [    0.000000]   AMD AuthenticAMD
Nov 11 15:55:50 Daniel kernel: [    0.000000]   Centaur CentaurHauls
Nov 11 15:55:50 Daniel kernel: [    0.000000] BIOS-provided physical RAM map:
Nov 11 15:55:50 Daniel kernel: [    0.000000] BIOS-e820: [mem 0x0000000000000000-0x000000000009ffff] usable
Nov 11 15:55:50 Daniel kernel: [    0.000000] BIOS-e820: [mem 0x00000000000e0000-0x00000000000e0fff] reserved
Nov 11 15:55:50 Daniel kernel: [    0.000000] BIOS-e820: [mem 0x0000000000100000-0x00000000001fffff] ACPI data
Nov 11 15:55:50 Daniel kernel: [    0.000000] BIOS-e820: [mem 0x0000000000200000-0x00000000f7ffffff] usable
Nov 11 15:55:50 Daniel kernel: [    0.000000] BIOS-e820: [mem 0x0000000100000000-0x00000002fc3fffff] usable
Nov 11 15:55:50 Daniel kernel: [    0.000000] NX (Execute Disable) protection: active
Nov 11 15:55:50 Daniel kernel: [    0.000000] DMI not present or invalid.
Nov 11 15:55:50 Daniel kernel: [    0.000000] Hypervisor detected: Microsoft Hyper-V
Nov 11 15:55:50 Daniel kernel: [    0.000000] Hyper-V: privilege flags low 0xae7f, high 0x3b8030, hints 0xa4e24, misc 0xe0bed7b2
Nov 11 15:55:50 Daniel kernel: [    0.000000] Hyper-V Host Build:22621-10.0-4-0.4391
Nov 11 15:55:50 Daniel kernel: [    0.000000] Hyper-V: Nested features: 0x3e0101
Nov 11 15:55:50 Daniel kernel: [    0.000000] Hyper-V: LAPIC Timer Frequency: 0x1e8480
Nov 11 15:55:50 Daniel kernel: [    0.000000] Hyper-V: Using hypercall for remote TLB flush
Nov 11 15:55:50 Daniel kernel: [    0.000000] clocksource: hyperv_clocksource_tsc_page: mask: 0xffffffffffffffff max_cycles: 0x24e6a1710, max_idle_ns: 440795202120 ns
Nov 11 15:55:50 Daniel kernel: [    0.000003] tsc: Detected 2918.399 MHz processor
Nov 11 15:55:50 Daniel kernel: [    0.000014] e820: update [mem 0x00000000-0x00000fff] usable ==> reserved
Nov 11 15:55:50 Daniel kernel: [    0.000018] e820: remove [mem 0x000a0000-0x000fffff] usable
Nov 11 15:55:50 Daniel kernel: [    0.000023] last_pfn = 0x2fc400 max_arch_pfn = 0x400000000
Nov 11 15:55:50 Daniel kernel: [    0.000060] x86/PAT: Configuration [0-7]: WB  WC  UC- UC  WB  WP  UC- WT  
Nov 11 15:55:50 Daniel kernel: [    0.000077] last_pfn = 0xf8000 max_arch_pfn = 0x400000000
Nov 11 15:55:50 Daniel kernel: [    0.000088] Using GB pages for direct mapping
Nov 11 15:55:50 Daniel kernel: [    0.000089] Incomplete global flushes, disabling PCID
Nov 11 15:55:50 Daniel kernel: [    0.000197] RAMDISK: [mem 0x03dda000-0x04001fff]
Nov 11 15:55:50 Daniel kernel: [    0.000200] ACPI: Early table checksum verification disabled
Nov 11 15:55:50 Daniel kernel: [    0.000203] ACPI: RSDP 0x00000000000E0000 000024 (v02 VRTUAL)
Nov 11 15:55:50 Daniel kernel: [    0.000208] ACPI: XSDT 0x0000000000100000 000044 (v01 VRTUAL MICROSFT 00000001 MSFT 00000001)
Nov 11 15:55:50 Daniel kernel: [    0.000214] ACPI: FACP 0x0000000000101000 000114 (v06 VRTUAL MICROSFT 00000001 MSFT 00000001)
Nov 11 15:55:50 Daniel kernel: [    0.000220] ACPI: DSDT 0x00000000001011B8 01E191 (v02 MSFTVM DSDT01   00000001 MSFT 05000000)
Nov 11 15:55:50 Daniel kernel: [    0.000225] ACPI: FACS 0x0000000000101114 000040
Nov 11 15:55:50 Daniel kernel: [    0.000228] ACPI: OEM0 0x0000000000101154 000064 (v01 VRTUAL MICROSFT 00000001 MSFT 00000001)
Nov 11 15:55:50 Daniel kernel: [    0.000232] ACPI: SRAT 0x000000000011F349 0003B0 (v02 VRTUAL MICROSFT 00000001 MSFT 00000001)
Nov 11 15:55:50 Daniel kernel: [    0.000236] ACPI: APIC 0x000000000011F6F9 0000C8 (v04 VRTUAL MICROSFT 00000001 MSFT 00000001)
Nov 11 15:55:50 Daniel kernel: [    0.000239] ACPI: Reserving FACP table memory at [mem 0x101000-0x101113]
Nov 11 15:55:50 Daniel kernel: [    0.000241] ACPI: Reserving DSDT table memory at [mem 0x1011b8-0x11f348]
Nov 11 15:55:50 Daniel kernel: [    0.000242] ACPI: Reserving FACS table memory at [mem 0x101114-0x101153]
Nov 11 15:55:50 Daniel kernel: [    0.000244] ACPI: Reserving OEM0 table memory at [mem 0x101154-0x1011b7]
Nov 11 15:55:50 Daniel kernel: [    0.000245] ACPI: Reserving SRAT table memory at [mem 0x11f349-0x11f6f8]
Nov 11 15:55:50 Daniel kernel: [    0.000246] ACPI: Reserving APIC table memory at [mem 0x11f6f9-0x11f7c0]
Nov 11 15:55:50 Daniel kernel: [    0.000794] Zone ranges:
Nov 11 15:55:50 Daniel kernel: [    0.000795]   DMA      [mem 0x0000000000001000-0x0000000000ffffff]
Nov 11 15:55:50 Daniel kernel: [    0.000798]   DMA32    [mem 0x0000000001000000-0x00000000ffffffff]
Nov 11 15:55:50 Daniel kernel: [    0.000800]   Normal   [mem 0x0000000100000000-0x00000002fc3fffff]
Nov 11 15:55:50 Daniel kernel: [    0.000803]   Device   empty
Nov 11 15:55:50 Daniel kernel: [    0.000804] Movable zone start for each node
Nov 11 15:55:50 Daniel kernel: [    0.000805] Early memory node ranges
Nov 11 15:55:50 Daniel kernel: [    0.000806]   node   0: [mem 0x0000000000001000-0x000000000009ffff]
Nov 11 15:55:50 Daniel kernel: [    0.000808]   node   0: [mem 0x0000000000200000-0x00000000f7ffffff]
Nov 11 15:55:50 Daniel kernel: [    0.000810]   node   0: [mem 0x0000000100000000-0x00000002fc3fffff]
Nov 11 15:55:50 Daniel kernel: [    0.000812] Initmem setup node 0 [mem 0x0000000000001000-0x00000002fc3fffff]
Nov 11 15:55:50 Daniel kernel: [    0.001063] On node 0, zone DMA: 1 pages in unavailable ranges
Nov 11 15:55:50 Daniel kernel: [    0.001087] On node 0, zone DMA: 352 pages in unavailable ranges
Nov 11 15:55:50 Daniel kernel: [    0.014324] On node 0, zone Normal: 15360 pages in unavailable ranges
Nov 11 15:55:50 Daniel kernel: [    0.014380] ACPI: LAPIC_NMI (acpi_id[0x01] dfl dfl lint[0x1])
Nov 11 15:55:50 Daniel kernel: [    0.014663] IOAPIC[0]: apic_id 16, version 17, address 0xfec00000, GSI 0-23
Nov 11 15:55:50 Daniel kernel: [    0.014667] ACPI: INT_SRC_OVR (bus 0 bus_irq 9 global_irq 9 high level)
Nov 11 15:55:50 Daniel kernel: [    0.014672] ACPI: Using ACPI (MADT) for SMP configuration information
Nov 11 15:55:50 Daniel kernel: [    0.014674] TSC deadline timer available
Nov 11 15:55:50 Daniel kernel: [    0.014675] smpboot: Allowing 16 CPUs, 0 hotplug CPUs
Nov 11 15:55:50 Daniel kernel: [    0.014684] [mem 0xf8000000-0xffffffff] available for PCI devices
Nov 11 15:55:50 Daniel kernel: [    0.014686] Booting paravirtualized kernel on Hyper-V
Nov 11 15:55:50 Daniel kernel: [    0.014687] clocksource: refined-jiffies: mask: 0xffffffff max_cycles: 0xffffffff, max_idle_ns: 19112604462750000 ns
Nov 11 15:55:50 Daniel kernel: [    0.023481] setup_percpu: NR_CPUS:256 nr_cpumask_bits:256 nr_cpu_ids:16 nr_node_ids:1
Nov 11 15:55:50 Daniel kernel: [    0.024514] percpu: Embedded 54 pages/cpu s180696 r8192 d32296 u262144
Nov 11 15:55:50 Daniel kernel: [    0.024521] pcpu-alloc: s180696 r8192 d32296 u262144 alloc=1*2097152
Nov 11 15:55:50 Daniel kernel: [    0.024525] pcpu-alloc: [0] 00 01 02 03 04 05 06 07 [0] 08 09 10 11 12 13 14 15 
Nov 11 15:55:50 Daniel kernel: [    0.024549] Hyper-V: PV spinlocks enabled
Nov 11 15:55:50 Daniel kernel: [    0.024552] PV qspinlock hash table entries: 256 (order: 0, 4096 bytes, linear)
Nov 11 15:55:50 Daniel kernel: [    0.024557] Built 1 zonelists, mobility grouping on.  Total pages: 3048181
Nov 11 15:55:50 Daniel kernel: [    0.024559] Kernel command line: initrd=\initrd.img WSL_ROOT_INIT=1 panic=-1 nr_cpus=16 hv_utils.timesync_implicit=1 console=hvc0 debug pty.legacy_count=0 WSL_ENABLE_CRASH_DUMP=1
Nov 11 15:55:50 Daniel kernel: [    0.024667] Unknown kernel command line parameters "WSL_ROOT_INIT=1 WSL_ENABLE_CRASH_DUMP=1", will be passed to user space.
Nov 11 15:55:50 Daniel kernel: [    0.027979] Dentry cache hash table entries: 2097152 (order: 12, 16777216 bytes, linear)
Nov 11 15:55:50 Daniel kernel: [    0.029654] Inode-cache hash table entries: 1048576 (order: 11, 8388608 bytes, linear)
Nov 11 15:55:50 Daniel kernel: [    0.029829] mem auto-init: stack:off, heap alloc:off, heap free:off
Nov 11 15:55:50 Daniel kernel: [    0.056640] Memory: 4124252K/12388988K available (18452K kernel code, 2628K rwdata, 9648K rodata, 2008K init, 1816K bss, 334860K reserved, 0K cma-reserved)
Nov 11 15:55:50 Daniel kernel: [    0.056709] SLUB: HWalign=64, Order=0-3, MinObjects=0, CPUs=16, Nodes=1
Nov 11 15:55:50 Daniel kernel: [    0.056729] ftrace: allocating 52916 entries in 207 pages
Nov 11 15:55:50 Daniel kernel: [    0.085492] ftrace: allocated 207 pages with 6 groups
Nov 11 15:55:50 Daniel kernel: [    0.085811] rcu: Hierarchical RCU implementation.
Nov 11 15:55:50 Daniel kernel: [    0.085813] rcu: 	RCU restricting CPUs from NR_CPUS=256 to nr_cpu_ids=16.
Nov 11 15:55:50 Daniel kernel: [    0.085815] 	Rude variant of Tasks RCU enabled.
Nov 11 15:55:50 Daniel kernel: [    0.085816] 	Tracing variant of Tasks RCU enabled.
Nov 11 15:55:50 Daniel kernel: [    0.085816] rcu: RCU calculated value of scheduler-enlistment delay is 10 jiffies.
Nov 11 15:55:50 Daniel kernel: [    0.085818] rcu: Adjusting geometry for rcu_fanout_leaf=16, nr_cpu_ids=16
Nov 11 15:55:50 Daniel kernel: [    0.090714] Using NULL legacy PIC
Nov 11 15:55:50 Daniel kernel: [    0.090717] NR_IRQS: 16640, nr_irqs: 552, preallocated irqs: 0
Nov 11 15:55:50 Daniel kernel: [    0.091022] random: crng init done
Nov 11 15:55:50 Daniel kernel: [    0.091051] Console: colour dummy device 80x25
Nov 11 15:55:50 Daniel kernel: [    0.091062] ACPI: Core revision 20210730
Nov 11 15:55:50 Daniel kernel: [    0.091142] Failed to register legacy timer interrupt
Nov 11 15:55:50 Daniel kernel: [    0.091143] APIC: Switch to symmetric I/O mode setup
Nov 11 15:55:50 Daniel kernel: [    0.092761] x2apic enabled
Nov 11 15:55:50 Daniel kernel: [    0.094354] Switched APIC routing to physical x2apic.
Nov 11 15:55:50 Daniel kernel: [    0.094370] Hyper-V: Using IPI hypercalls
Nov 11 15:55:50 Daniel kernel: [    0.094429] clocksource: tsc-early: mask: 0xffffffffffffffff max_cycles: 0x2a1127c03e1, max_idle_ns: 440795223858 ns
Nov 11 15:55:50 Daniel kernel: [    0.094436] Calibrating delay loop (skipped), value calculated using timer frequency.. 5836.79 BogoMIPS (lpj=29183990)
Nov 11 15:55:50 Daniel kernel: [    0.094532] x86/cpu: User Mode Instruction Prevention (UMIP) activated
Nov 11 15:55:50 Daniel kernel: [    0.094542] Last level iTLB entries: 4KB 0, 2MB 0, 4MB 0
Nov 11 15:55:50 Daniel kernel: [    0.094544] Last level dTLB entries: 4KB 0, 2MB 0, 4MB 0, 1GB 0
Nov 11 15:55:50 Daniel kernel: [    0.094547] Spectre V1 : Mitigation: usercopy/swapgs barriers and __user pointer sanitization
Nov 11 15:55:50 Daniel kernel: [    0.094550] Spectre V2 : Mitigation: Enhanced IBRS
Nov 11 15:55:50 Daniel kernel: [    0.094550] Spectre V2 : Spectre v2 / SpectreRSB mitigation: Filling RSB on context switch
Nov 11 15:55:50 Daniel kernel: [    0.094551] Spectre V2 : Spectre v2 / PBRSB-eIBRS: Retire a single CALL on VMEXIT
Nov 11 15:55:50 Daniel kernel: [    0.094552] RETBleed: Mitigation: Enhanced IBRS
Nov 11 15:55:50 Daniel kernel: [    0.094554] Spectre V2 : mitigation: Enabling conditional Indirect Branch Prediction Barrier
Nov 11 15:55:50 Daniel kernel: [    0.094555] Speculative Store Bypass: Mitigation: Speculative Store Bypass disabled via prctl and seccomp
Nov 11 15:55:50 Daniel kernel: [    0.094569] x86/fpu: Supporting XSAVE feature 0x001: 'x87 floating point registers'
Nov 11 15:55:50 Daniel kernel: [    0.094571] x86/fpu: Supporting XSAVE feature 0x002: 'SSE registers'
Nov 11 15:55:50 Daniel kernel: [    0.094572] x86/fpu: Supporting XSAVE feature 0x004: 'AVX registers'
Nov 11 15:55:50 Daniel kernel: [    0.094575] x86/fpu: xstate_offset[2]:  576, xstate_sizes[2]:  256
Nov 11 15:55:50 Daniel kernel: [    0.094576] x86/fpu: Enabled xstate features 0x7, context size is 832 bytes, using 'compacted' format.
Nov 11 15:55:50 Daniel kernel: [    0.104432] Freeing SMP alternatives memory: 60K
Nov 11 15:55:50 Daniel kernel: [    0.104432] pid_max: default: 32768 minimum: 301
Nov 11 15:55:50 Daniel kernel: [    0.104432] LSM: Security Framework initializing
Nov 11 15:55:50 Daniel kernel: [    0.104432] landlock: Up and running.
Nov 11 15:55:50 Daniel kernel: [    0.104432] Mount-cache hash table entries: 32768 (order: 6, 262144 bytes, linear)
Nov 11 15:55:50 Daniel kernel: [    0.104432] Mountpoint-cache hash table entries: 32768 (order: 6, 262144 bytes, linear)
Nov 11 15:55:50 Daniel kernel: [    0.104432] smpboot: CPU0: 13th Gen Intel(R) Core(TM) i7-13620H (family: 0x6, model: 0xba, stepping: 0x2)
Nov 11 15:55:50 Daniel kernel: [    0.104432] Performance Events: unsupported p6 CPU model 186 no PMU driver, software events only.
Nov 11 15:55:50 Daniel kernel: [    0.104432] signal: max sigframe size: 1776
Nov 11 15:55:50 Daniel kernel: [    0.104432] rcu: Hierarchical SRCU implementation.
Nov 11 15:55:50 Daniel kernel: [    0.104432] smp: Bringing up secondary CPUs ...
Nov 11 15:55:50 Daniel kernel: [    0.104432] x86: Booting SMP configuration:
Nov 11 15:55:50 Daniel kernel: [    0.104432] .... node  #0, CPUs:        #1  #2  #3  #4  #5  #6  #7  #8  #9 #10 #11 #12 #13 #14 #15
Nov 11 15:55:50 Daniel kernel: [    0.106137] smp: Brought up 1 node, 16 CPUs
Nov 11 15:55:50 Daniel kernel: [    0.106137] smpboot: Max logical packages: 1
Nov 11 15:55:50 Daniel kernel: [    0.106137] smpboot: Total of 16 processors activated (93388.76 BogoMIPS)
Nov 11 15:55:50 Daniel kernel: [    0.137212] node 0 deferred pages initialised in 30ms
Nov 11 15:55:50 Daniel kernel: [    0.139306] devtmpfs: initialized
Nov 11 15:55:50 Daniel kernel: [    0.139306] x86/mm: Memory block size: 128MB
Nov 11 15:55:50 Daniel kernel: [    0.139306] clocksource: jiffies: mask: 0xffffffff max_cycles: 0xffffffff, max_idle_ns: 19112604462750000 ns
Nov 11 15:55:50 Daniel kernel: [    0.139306] futex hash table entries: 4096 (order: 6, 262144 bytes, linear)
Nov 11 15:55:50 Daniel kernel: [    0.139306] NET: Registered PF_NETLINK/PF_ROUTE protocol family
Nov 11 15:55:50 Daniel kernel: [    0.139306] audit: initializing netlink subsys (disabled)
Nov 11 15:55:50 Daniel kernel: [    0.139306] audit: type=2000 audit(1731358546.040:1): state=initialized audit_enabled=0 res=1
Nov 11 15:55:50 Daniel kernel: [    0.139306] thermal_sys: Registered thermal governor 'step_wise'
Nov 11 15:55:50 Daniel kernel: [    0.139306] cpuidle: using governor menu
Nov 11 15:55:50 Daniel kernel: [    0.139306] ACPI: bus type PCI registered
Nov 11 15:55:50 Daniel kernel: [    0.139306] PCI: Fatal: No config space access function found
Nov 11 15:55:50 Daniel kernel: [    0.139306] kprobes: kprobe jump-optimization is enabled. All kprobes are optimized if possible.
Nov 11 15:55:50 Daniel kernel: [    0.139306] HugeTLB registered 1.00 GiB page size, pre-allocated 0 pages
Nov 11 15:55:50 Daniel kernel: [    0.139306] HugeTLB registered 2.00 MiB page size, pre-allocated 0 pages
Nov 11 15:55:50 Daniel kernel: [    0.144684] raid6: skip pq benchmark and using algorithm avx2x4
Nov 11 15:55:50 Daniel kernel: [    0.144688] raid6: using avx2x2 recovery algorithm
Nov 11 15:55:50 Daniel kernel: [    0.144709] ACPI: Added _OSI(Module Device)
Nov 11 15:55:50 Daniel kernel: [    0.144710] ACPI: Added _OSI(Processor Device)
Nov 11 15:55:50 Daniel kernel: [    0.144711] ACPI: Added _OSI(3.0 _SCP Extensions)
Nov 11 15:55:50 Daniel kernel: [    0.144713] ACPI: Added _OSI(Processor Aggregator Device)
Nov 11 15:55:50 Daniel kernel: [    0.144714] ACPI: Added _OSI(Linux-Dell-Video)
Nov 11 15:55:50 Daniel kernel: [    0.144715] ACPI: Added _OSI(Linux-Lenovo-NV-HDMI-Audio)
Nov 11 15:55:50 Daniel kernel: [    0.144717] ACPI: Added _OSI(Linux-HPI-Hybrid-Graphics)
Nov 11 15:55:50 Daniel kernel: [    0.148514] ACPI: 1 ACPI AML tables successfully acquired and loaded
Nov 11 15:55:50 Daniel kernel: [    0.149234] ACPI: Interpreter enabled
Nov 11 15:55:50 Daniel kernel: [    0.149237] ACPI: PM: (supports S0 S5)
Nov 11 15:55:50 Daniel kernel: [    0.149238] ACPI: Using IOAPIC for interrupt routing
Nov 11 15:55:50 Daniel kernel: [    0.149245] PCI: Using host bridge windows from ACPI; if necessary, use "pci=nocrs" and report a bug
Nov 11 15:55:50 Daniel kernel: [    0.149374] ACPI: Enabled 2 GPEs in block 00 to 0F
Nov 11 15:55:50 Daniel kernel: [    0.150449] iommu: Default domain type: Translated 
Nov 11 15:55:50 Daniel kernel: [    0.150450] iommu: DMA domain TLB invalidation policy: lazy mode 
Nov 11 15:55:50 Daniel kernel: [    0.150512] SCSI subsystem initialized
Nov 11 15:55:50 Daniel kernel: [    0.150520] ACPI: bus type USB registered
Nov 11 15:55:50 Daniel kernel: [    0.150527] usbcore: registered new interface driver usbfs
Nov 11 15:55:50 Daniel kernel: [    0.150532] usbcore: registered new interface driver hub
Nov 11 15:55:50 Daniel kernel: [    0.150538] usbcore: registered new device driver usb
Nov 11 15:55:50 Daniel kernel: [    0.150546] pps_core: LinuxPPS API ver. 1 registered
Nov 11 15:55:50 Daniel kernel: [    0.150547] pps_core: Software ver. 5.3.6 - Copyright 2005-2007 Rodolfo Giometti <giometti@linux.it>
Nov 11 15:55:50 Daniel kernel: [    0.150549] PTP clock support registered
Nov 11 15:55:50 Daniel kernel: [    0.154468] hv_vmbus: Vmbus version:5.3
Nov 11 15:55:50 Daniel kernel: [    0.154565] PCI: Using ACPI for IRQ routing
Nov 11 15:55:50 Daniel kernel: [    0.154567] PCI: System does not support PCI
Nov 11 15:55:50 Daniel kernel: [    0.158486] hv_vmbus: Unknown GUID: c376c1c3-d276-48d2-90a9-c04748072c60
Nov 11 15:55:50 Daniel kernel: [    0.157881] clocksource: Switched to clocksource tsc-early
Nov 11 15:55:50 Daniel kernel: [    0.165389] VFS: Disk quotas dquot_6.6.0
Nov 11 15:55:50 Daniel kernel: [    0.165406] VFS: Dquot-cache hash table entries: 512 (order 0, 4096 bytes)
Nov 11 15:55:50 Daniel kernel: [    0.165428] FS-Cache: Loaded
Nov 11 15:55:50 Daniel kernel: [    0.165456] pnp: PnP ACPI init
Nov 11 15:55:50 Daniel kernel: [    0.165665] pnp: PnP ACPI: found 1 devices
Nov 11 15:55:50 Daniel kernel: [    0.170489] NET: Registered PF_INET protocol family
Nov 11 15:55:50 Daniel kernel: [    0.170979] IP idents hash table entries: 262144 (order: 9, 2097152 bytes, linear)
Nov 11 15:55:50 Daniel kernel: [    0.172778] tcp_listen_portaddr_hash hash table entries: 8192 (order: 5, 131072 bytes, linear)
Nov 11 15:55:50 Daniel kernel: [    0.172797] Table-perturb hash table entries: 65536 (order: 6, 262144 bytes, linear)
Nov 11 15:55:50 Daniel kernel: [    0.172802] TCP established hash table entries: 131072 (order: 8, 1048576 bytes, linear)
Nov 11 15:55:50 Daniel kernel: [    0.173303] TCP bind hash table entries: 65536 (order: 8, 1048576 bytes, linear)
Nov 11 15:55:50 Daniel kernel: [    0.173415] TCP: Hash tables configured (established 131072 bind 65536)
Nov 11 15:55:50 Daniel kernel: [    0.174023] UDP hash table entries: 8192 (order: 6, 262144 bytes, linear)
Nov 11 15:55:50 Daniel kernel: [    0.174058] UDP-Lite hash table entries: 8192 (order: 6, 262144 bytes, linear)
Nov 11 15:55:50 Daniel kernel: [    0.174419] NET: Registered PF_UNIX/PF_LOCAL protocol family
Nov 11 15:55:50 Daniel kernel: [    0.174964] RPC: Registered named UNIX socket transport module.
Nov 11 15:55:50 Daniel kernel: [    0.174967] RPC: Registered udp transport module.
Nov 11 15:55:50 Daniel kernel: [    0.174968] RPC: Registered tcp transport module.
Nov 11 15:55:50 Daniel kernel: [    0.174969] RPC: Registered tcp NFSv4.1 backchannel transport module.
Nov 11 15:55:50 Daniel kernel: [    0.174972] PCI: CLS 0 bytes, default 64
Nov 11 15:55:50 Daniel kernel: [    0.174994] PCI-DMA: Using software bounce buffering for IO (SWIOTLB)
Nov 11 15:55:50 Daniel kernel: [    0.174995] software IO TLB: mapped [mem 0x00000000f4000000-0x00000000f8000000] (64MB)
Nov 11 15:55:50 Daniel kernel: [    0.175037] Trying to unpack rootfs image as initramfs...
Nov 11 15:55:50 Daniel kernel: [    0.175046] KVM: vmx: using Hyper-V Enlightened VMCS
Nov 11 15:55:50 Daniel kernel: [    0.176482] Freeing initrd memory: 2208K
Nov 11 15:55:50 Daniel kernel: [    0.399375] kvm: already loaded the other module
Nov 11 15:55:50 Daniel kernel: [    0.405079] Initialise system trusted keyrings
Nov 11 15:55:50 Daniel kernel: [    0.405266] workingset: timestamp_bits=46 max_order=22 bucket_order=0
Nov 11 15:55:50 Daniel kernel: [    0.406056] squashfs: version 4.0 (2009/01/31) Phillip Lougher
Nov 11 15:55:50 Daniel kernel: [    0.406372] NFS: Registering the id_resolver key type
Nov 11 15:55:50 Daniel kernel: [    0.406378] Key type id_resolver registered
Nov 11 15:55:50 Daniel kernel: [    0.406379] Key type id_legacy registered
Nov 11 15:55:50 Daniel kernel: [    0.406382] nfs4filelayout_init: NFSv4 File Layout Driver Registering...
Nov 11 15:55:50 Daniel kernel: [    0.406385] nfs4flexfilelayout_init: NFSv4 Flexfile Layout Driver Registering...
Nov 11 15:55:50 Daniel kernel: [    0.406387] Installing knfsd (copyright (C) 1996 okir@monad.swb.de).
Nov 11 15:55:50 Daniel kernel: [    0.407574] Key type cifs.idmap registered
Nov 11 15:55:50 Daniel kernel: [    0.407708] fuse: init (API version 7.34)
Nov 11 15:55:50 Daniel kernel: [    0.408075] SGI XFS with ACLs, security attributes, realtime, scrub, repair, quota, no debug enabled
Nov 11 15:55:50 Daniel kernel: [    0.408867] 9p: Installing v9fs 9p2000 file system support
Nov 11 15:55:50 Daniel kernel: [    0.408879] FS-Cache: Netfs '9p' registered for caching
Nov 11 15:55:50 Daniel kernel: [    0.408942] FS-Cache: Netfs 'ceph' registered for caching
Nov 11 15:55:50 Daniel kernel: [    0.408945] ceph: loaded (mds proto 32)
Nov 11 15:55:50 Daniel kernel: [    0.419848] NET: Registered PF_ALG protocol family
Nov 11 15:55:50 Daniel kernel: [    0.419853] xor: automatically using best checksumming function   avx       
Nov 11 15:55:50 Daniel kernel: [    0.419855] Key type asymmetric registered
Nov 11 15:55:50 Daniel kernel: [    0.419856] Asymmetric key parser 'x509' registered
Nov 11 15:55:50 Daniel kernel: [    0.419882] Block layer SCSI generic (bsg) driver version 0.4 loaded (major 248)
Nov 11 15:55:50 Daniel kernel: [    0.421547] hv_vmbus: registering driver hv_pci
Nov 11 15:55:50 Daniel kernel: [    0.422516] hv_pci d8e356e4-e653-45c8-bb9c-0604ab2da6fe: PCI VMBus probing: Using version 0x10004
Nov 11 15:55:50 Daniel kernel: [    0.423997] hv_pci d8e356e4-e653-45c8-bb9c-0604ab2da6fe: PCI host bridge to bus e653:00
Nov 11 15:55:50 Daniel kernel: [    0.424001] pci_bus e653:00: root bus resource [mem 0x9ffe00000-0x9ffe02fff window]
Nov 11 15:55:50 Daniel kernel: [    0.424004] pci_bus e653:00: No busn resource found for root bus, will use [bus 00-ff]
Nov 11 15:55:50 Daniel kernel: [    0.424591] pci e653:00:00.0: [1af4:1043] type 00 class 0x010000
Nov 11 15:55:50 Daniel kernel: [    0.425308] pci e653:00:00.0: reg 0x10: [mem 0x9ffe00000-0x9ffe00fff 64bit]
Nov 11 15:55:50 Daniel kernel: [    0.425783] pci e653:00:00.0: reg 0x18: [mem 0x9ffe01000-0x9ffe01fff 64bit]
Nov 11 15:55:50 Daniel kernel: [    0.426258] pci e653:00:00.0: reg 0x20: [mem 0x9ffe02000-0x9ffe02fff 64bit]
Nov 11 15:55:50 Daniel kernel: [    0.428561] pci_bus e653:00: busn_res: [bus 00-ff] end is updated to 00
Nov 11 15:55:50 Daniel kernel: [    0.428568] pci e653:00:00.0: BAR 0: assigned [mem 0x9ffe00000-0x9ffe00fff 64bit]
Nov 11 15:55:50 Daniel kernel: [    0.428924] pci e653:00:00.0: BAR 2: assigned [mem 0x9ffe01000-0x9ffe01fff 64bit]
Nov 11 15:55:50 Daniel kernel: [    0.429269] pci e653:00:00.0: BAR 4: assigned [mem 0x9ffe02000-0x9ffe02fff 64bit]
Nov 11 15:55:50 Daniel kernel: [    0.429747] ACPI: AC: AC Adapter [AC1] (off-line)
Nov 11 15:55:50 Daniel kernel: [    0.430636] ACPI: battery: Slot [BAT1] (battery present)
Nov 11 15:55:50 Daniel kernel: [    0.433147] Serial: 8250/16550 driver, 4 ports, IRQ sharing disabled
Nov 11 15:55:50 Daniel kernel: [    0.464337] Non-volatile memory driver v1.3
Nov 11 15:55:50 Daniel kernel: [    0.464537] [drm] Initialized vgem 1.0.0 20120112 for vgem on minor 0
Nov 11 15:55:50 Daniel kernel: [    0.466312] printk: console [hvc0] enabled
Nov 11 15:55:50 Daniel kernel: [    0.470233] brd: module loaded
Nov 11 15:55:50 Daniel kernel: [    0.472118] loop: module loaded
Nov 11 15:55:50 Daniel kernel: [    0.472547] hv_vmbus: registering driver hv_storvsc
Nov 11 15:55:50 Daniel kernel: [    0.473085] wireguard: WireGuard 1.0.0 loaded. See www.wireguard.com for information.
Nov 11 15:55:50 Daniel kernel: [    0.473809] wireguard: Copyright (C) 2015-2019 Jason A. Donenfeld <Jason@zx2c4.com>. All Rights Reserved.
Nov 11 15:55:50 Daniel kernel: [    0.474368] tun: Universal TUN/TAP device driver, 1.6
Nov 11 15:55:50 Daniel kernel: [    0.474821] PPP generic driver version 2.4.2
Nov 11 15:55:50 Daniel kernel: [    0.475392] PPP BSD Compression module registered
Nov 11 15:55:50 Daniel kernel: [    0.475714] PPP Deflate Compression module registered
Nov 11 15:55:50 Daniel kernel: [    0.476300] PPP MPPE Compression module registered
Nov 11 15:55:50 Daniel kernel: [    0.476332] scsi host0: storvsc_host_t
Nov 11 15:55:50 Daniel kernel: [    0.476593] NET: Registered PF_PPPOX protocol family
Nov 11 15:55:50 Daniel kernel: [    0.477143] usbcore: registered new interface driver cdc_ether
Nov 11 15:55:50 Daniel kernel: [    0.477665] usbcore: registered new interface driver cdc_ncm
Nov 11 15:55:50 Daniel kernel: [    0.478150] usbcore: registered new interface driver r8153_ecm
Nov 11 15:55:50 Daniel kernel: [    0.478516] hv_vmbus: registering driver hv_netvsc
Nov 11 15:55:50 Daniel kernel: [    0.478833] VFIO - User Level meta-driver version: 0.3
Nov 11 15:55:50 Daniel kernel: [    0.479194] usbcore: registered new interface driver cdc_acm
Nov 11 15:55:50 Daniel kernel: [    0.479493] cdc_acm: USB Abstract Control Model driver for USB modems and ISDN adapters
Nov 11 15:55:50 Daniel kernel: [    0.479937] vhci_hcd vhci_hcd.0: USB/IP Virtual Host Controller
Nov 11 15:55:50 Daniel kernel: [    0.480233] vhci_hcd vhci_hcd.0: new USB bus registered, assigned bus number 1
Nov 11 15:55:50 Daniel kernel: [    0.480562] vhci_hcd: created sysfs vhci_hcd.0
Nov 11 15:55:50 Daniel kernel: [    0.480967] usb usb1: New USB device found, idVendor=1d6b, idProduct=0002, bcdDevice= 5.15
Nov 11 15:55:50 Daniel kernel: [    0.481329] usb usb1: New USB device strings: Mfr=3, Product=2, SerialNumber=1
Nov 11 15:55:50 Daniel kernel: [    0.481671] usb usb1: Product: USB/IP Virtual Host Controller
Nov 11 15:55:50 Daniel kernel: [    0.481975] usb usb1: Manufacturer: Linux 5.15.153.1-microsoft-standard-WSL2 vhci_hcd
Nov 11 15:55:50 Daniel kernel: [    0.482563] usb usb1: SerialNumber: vhci_hcd.0
Nov 11 15:55:50 Daniel kernel: [    0.483095] hub 1-0:1.0: USB hub found
Nov 11 15:55:50 Daniel kernel: [    0.483315] hub 1-0:1.0: 8 ports detected
Nov 11 15:55:50 Daniel kernel: [    0.484051] vhci_hcd vhci_hcd.0: USB/IP Virtual Host Controller
Nov 11 15:55:50 Daniel kernel: [    0.484463] vhci_hcd vhci_hcd.0: new USB bus registered, assigned bus number 2
Nov 11 15:55:50 Daniel kernel: [    0.485051] usb usb2: We don't know the algorithms for LPM for this host, disabling LPM.
Nov 11 15:55:50 Daniel kernel: [    0.485746] usb usb2: New USB device found, idVendor=1d6b, idProduct=0003, bcdDevice= 5.15
Nov 11 15:55:50 Daniel kernel: [    0.486269] usb usb2: New USB device strings: Mfr=3, Product=2, SerialNumber=1
Nov 11 15:55:50 Daniel kernel: [    0.486715] usb usb2: Product: USB/IP Virtual Host Controller
Nov 11 15:55:50 Daniel kernel: [    0.487094] usb usb2: Manufacturer: Linux 5.15.153.1-microsoft-standard-WSL2 vhci_hcd
Nov 11 15:55:50 Daniel kernel: [    0.487561] usb usb2: SerialNumber: vhci_hcd.0
Nov 11 15:55:50 Daniel kernel: [    0.488035] hub 2-0:1.0: USB hub found
Nov 11 15:55:50 Daniel kernel: [    0.488274] hub 2-0:1.0: 8 ports detected
Nov 11 15:55:50 Daniel kernel: [    0.488879] hv_vmbus: registering driver hyperv_keyboard
Nov 11 15:55:50 Daniel kernel: [    0.489188] rtc_cmos 00:00: RTC can wake from S4
Nov 11 15:55:50 Daniel kernel: [    0.491386] rtc_cmos 00:00: registered as rtc0
Nov 11 15:55:50 Daniel kernel: [    0.492313] rtc_cmos 00:00: setting system clock to 2024-11-11T20:55:46 UTC (1731358546)
Nov 11 15:55:50 Daniel kernel: [    0.493116] rtc_cmos 00:00: alarms up to one month, 114 bytes nvram
Nov 11 15:55:50 Daniel kernel: [    0.494246] device-mapper: ioctl: 4.45.0-ioctl (2021-03-22) initialised: dm-devel@redhat.com
Nov 11 15:55:50 Daniel kernel: [    0.495095] device-mapper: raid: Loading target version 1.15.1
Nov 11 15:55:50 Daniel kernel: [    0.495760] hid: raw HID events driver (C) Jiri Kosina
Nov 11 15:55:50 Daniel kernel: [    0.496292] usbcore: registered new interface driver usbhid
Nov 11 15:55:50 Daniel kernel: [    0.496693] hv_vmbus: Unknown GUID: 6e382d18-3336-4f4b-acc4-2b7703d4df4a
Nov 11 15:55:50 Daniel kernel: [    0.496942] usbhid: USB HID core driver
Nov 11 15:55:50 Daniel kernel: [    0.497034] hv_utils: Registering HyperV Utility Driver
Nov 11 15:55:50 Daniel kernel: [    0.497498] hv_vmbus: Unknown GUID: dde9cbc0-5060-4436-9448-ea1254a5d177
Nov 11 15:55:50 Daniel kernel: [    0.497862] hv_vmbus: registering driver hv_utils
Nov 11 15:55:50 Daniel kernel: [    0.497909] hv_vmbus: registering driver hv_balloon
Nov 11 15:55:50 Daniel kernel: [    0.498444] hv_pci 61e2478c-0e71-4fa7-a279-30edc7ff232f: PCI VMBus probing: Using version 0x10004
Nov 11 15:55:50 Daniel kernel: [    0.498931] hv_utils: TimeSync IC version 4.0
Nov 11 15:55:50 Daniel kernel: [    0.499250] hv_vmbus: registering driver dxgkrnl
Nov 11 15:55:50 Daniel kernel: [    0.501026] hv_vmbus: Unknown GUID: 6e382d18-3336-4f4b-acc4-2b7703d4df4a
Nov 11 15:55:50 Daniel kernel: [    0.501711] drop_monitor: Initializing network drop monitor service
Nov 11 15:55:50 Daniel kernel: [    0.503829] hv_balloon: Using Dynamic Memory protocol version 2.0
Nov 11 15:55:50 Daniel kernel: [    0.504555] Mirror/redirect action on
Nov 11 15:55:50 Daniel kernel: [    0.504574] u32 classifier
Nov 11 15:55:50 Daniel kernel: [    0.504575]     Performance counters on
Nov 11 15:55:50 Daniel kernel: [    0.504576]     input device check on
Nov 11 15:55:50 Daniel kernel: [    0.504576]     Actions configured
Nov 11 15:55:50 Daniel kernel: [    0.505750] hv_pci 61e2478c-0e71-4fa7-a279-30edc7ff232f: PCI host bridge to bus 0e71:00
Nov 11 15:55:50 Daniel kernel: [    0.507055] IPVS: Registered protocols (TCP, UDP)
Nov 11 15:55:50 Daniel kernel: [    0.507366] pci_bus 0e71:00: No busn resource found for root bus, will use [bus 00-ff]
Nov 11 15:55:50 Daniel kernel: [    0.507731] IPVS: Connection hash table configured (size=4096, memory=32Kbytes)
Nov 11 15:55:50 Daniel kernel: [    0.507767] IPVS: ipvs loaded.
Nov 11 15:55:50 Daniel kernel: [    0.507768] IPVS: [rr] scheduler registered.
Nov 11 15:55:50 Daniel kernel: [    0.507769] IPVS: [wrr] scheduler registered.
Nov 11 15:55:50 Daniel kernel: [    0.507770] IPVS: [sh] scheduler registered.
Nov 11 15:55:50 Daniel kernel: [    0.507830] ipt_CLUSTERIP: ClusterIP Version 0.8 loaded successfully
Nov 11 15:55:50 Daniel kernel: [    0.507837] Initializing XFRM netlink socket
Nov 11 15:55:50 Daniel kernel: [    0.507899] NET: Registered PF_INET6 protocol family
Nov 11 15:55:50 Daniel kernel: [    0.509235] Segment Routing with IPv6
Nov 11 15:55:50 Daniel kernel: [    0.510112] Free page reporting enabled
Nov 11 15:55:50 Daniel kernel: [    0.510501] pci 0e71:00:00.0: [1414:008e] type 00 class 0x030200
Nov 11 15:55:50 Daniel kernel: [    0.510508] In-situ OAM (IOAM) with IPv6
Nov 11 15:55:50 Daniel kernel: [    0.511081] NET: Registered PF_PACKET protocol family
Nov 11 15:55:50 Daniel kernel: [    0.511285] hv_balloon: Cold memory discard hint enabled with order 9
Nov 11 15:55:50 Daniel kernel: [    0.516656] pci_bus 0e71:00: busn_res: [bus 00-ff] end is updated to 00
Nov 11 15:55:50 Daniel kernel: [    0.517040] Bridge firewalling registered
Nov 11 15:55:50 Daniel kernel: [    0.518698] 8021q: 802.1Q VLAN Support v1.8
Nov 11 15:55:50 Daniel kernel: [    0.518852] hv_pci 96209aad-76e3-4b30-8cb4-be693ddd3efe: PCI VMBus probing: Using version 0x10004
Nov 11 15:55:50 Daniel kernel: [    0.519856] sctp: Hash tables configured (bind 256/256)
Nov 11 15:55:50 Daniel kernel: [    0.521125] 9pnet: Installing 9P2000 support
Nov 11 15:55:50 Daniel kernel: [    0.522684] Key type dns_resolver registered
Nov 11 15:55:50 Daniel kernel: [    0.522852] hv_pci 96209aad-76e3-4b30-8cb4-be693ddd3efe: PCI host bridge to bus 76e3:00
Nov 11 15:55:50 Daniel kernel: [    0.523251] Key type ceph registered
Nov 11 15:55:50 Daniel kernel: [    0.525022] pci_bus 76e3:00: No busn resource found for root bus, will use [bus 00-ff]
Nov 11 15:55:50 Daniel kernel: [    0.526277] pci 76e3:00:00.0: [1414:008e] type 00 class 0x030200
Nov 11 15:55:50 Daniel kernel: [    0.526942] libceph: loaded (mon/osd proto 15/24)
Nov 11 15:55:50 Daniel kernel: [    0.528392] NET: Registered PF_VSOCK protocol family
Nov 11 15:55:50 Daniel kernel: [    0.528737] hv_vmbus: registering driver hv_sock
Nov 11 15:55:50 Daniel kernel: [    0.529072] IPI shorthand broadcast: enabled
Nov 11 15:55:50 Daniel kernel: [    0.530840] sched_clock: Marking stable (524931826, 3422200)->(548793800, -20439774)
Nov 11 15:55:50 Daniel kernel: [    0.532229] pci_bus 76e3:00: busn_res: [bus 00-ff] end is updated to 00
Nov 11 15:55:50 Daniel kernel: [    0.533312] registered taskstats version 1
Nov 11 15:55:50 Daniel kernel: [    0.535410] Loading compiled-in X.509 certificates
Nov 11 15:55:50 Daniel kernel: [    0.538951] Btrfs loaded, crc32c=crc32c-generic, zoned=no, fsverity=no
Nov 11 15:55:50 Daniel kernel: [    0.542983] Freeing unused kernel image (initmem) memory: 2008K
Nov 11 15:55:50 Daniel kernel: [    0.543395] Write protecting the kernel read-only data: 30720k
Nov 11 15:55:50 Daniel kernel: [    0.544853] Freeing unused kernel image (text/rodata gap) memory: 2024K
Nov 11 15:55:50 Daniel kernel: [    0.545691] Freeing unused kernel image (rodata/data gap) memory: 592K
Nov 11 15:55:50 Daniel kernel: [    0.546020] Run /init as init process
Nov 11 15:55:50 Daniel kernel: [    0.546200]   with arguments:
Nov 11 15:55:50 Daniel kernel: [    0.546392]     /init
Nov 11 15:55:50 Daniel kernel: [    0.546518]   with environment:
Nov 11 15:55:50 Daniel kernel: [    0.546699]     HOME=/
Nov 11 15:55:50 Daniel kernel: [    0.546821]     TERM=linux
Nov 11 15:55:50 Daniel kernel: [    0.546949]     WSL_ROOT_INIT=1
Nov 11 15:55:50 Daniel kernel: [    0.547142]     WSL_ENABLE_CRASH_DUMP=1
Nov 11 15:55:50 Daniel kernel: [    0.551724] scsi 0:0:0:0: Direct-Access     Msft     Virtual Disk     1.0  PQ: 0 ANSI: 5
Nov 11 15:55:50 Daniel kernel: [    0.562770] sd 0:0:0:0: Attached scsi generic sg0 type 0
Nov 11 15:55:50 Daniel kernel: [    0.563527] sd 0:0:0:0: [sda] 795504 512-byte logical blocks: (407 MB/388 MiB)
Nov 11 15:55:50 Daniel kernel: [    0.564123] sd 0:0:0:0: [sda] Write Protect is on
Nov 11 15:55:50 Daniel kernel: [    0.564378] sd 0:0:0:0: [sda] Mode Sense: 0f 00 80 00
Nov 11 15:55:50 Daniel kernel: [    0.564814] sd 0:0:0:0: [sda] Write cache: disabled, read cache: enabled, doesn't support DPO or FUA
Nov 11 15:55:50 Daniel kernel: [    0.567202] sd 0:0:0:0: [sda] Attached SCSI disk
Nov 11 15:55:50 Daniel kernel: [    0.613822] scsi 0:0:0:1: Direct-Access     Msft     Virtual Disk     1.0  PQ: 0 ANSI: 5
Nov 11 15:55:50 Daniel kernel: [    0.622689] EXT4-fs (sda): mounted filesystem without journal. Opts: (null). Quota mode: none.
Nov 11 15:55:50 Daniel kernel: [    0.633410] sd 0:0:0:1: Attached scsi generic sg1 type 0
Nov 11 15:55:50 Daniel kernel: [    0.635373] sd 0:0:0:1: [sdb] 6291464 512-byte logical blocks: (3.22 GB/3.00 GiB)
Nov 11 15:55:50 Daniel kernel: [    0.636297] sd 0:0:0:1: [sdb] 4096-byte physical blocks
Nov 11 15:55:50 Daniel kernel: [    0.636804] sd 0:0:0:1: [sdb] Write Protect is off
Nov 11 15:55:50 Daniel kernel: [    0.637285] sd 0:0:0:1: [sdb] Mode Sense: 0f 00 00 00
Nov 11 15:55:50 Daniel kernel: [    0.637911] sd 0:0:0:1: [sdb] Write cache: enabled, read cache: enabled, doesn't support DPO or FUA
Nov 11 15:55:50 Daniel kernel: [    0.641387] sd 0:0:0:1: [sdb] Attached SCSI disk
Nov 11 15:55:50 Daniel kernel: [    0.692337] Adding 3145728k swap on /dev/sdb.  Priority:-2 extents:1 across:3145728k 
Nov 11 15:55:50 Daniel kernel: [    0.807251] IPv6: ADDRCONF(NETDEV_CHANGE): eth0: link becomes ready
Nov 11 15:55:50 Daniel kernel: [    0.974261] hv_pci ec0a1632-6c07-43e1-8b89-a041d32bf6cc: PCI VMBus probing: Using version 0x10004
Nov 11 15:55:50 Daniel kernel: [    0.976926] hv_pci ec0a1632-6c07-43e1-8b89-a041d32bf6cc: PCI host bridge to bus 6c07:00
Nov 11 15:55:50 Daniel kernel: [    0.977467] pci_bus 6c07:00: root bus resource [mem 0xc00000000-0xe00001fff window]
Nov 11 15:55:50 Daniel kernel: [    0.977990] pci_bus 6c07:00: No busn resource found for root bus, will use [bus 00-ff]
Nov 11 15:55:50 Daniel kernel: [    0.979229] pci 6c07:00:00.0: [1af4:105a] type 00 class 0x088000
Nov 11 15:55:50 Daniel kernel: [    0.982698] pci 6c07:00:00.0: reg 0x10: [mem 0xe00000000-0xe00000fff 64bit]
Nov 11 15:55:50 Daniel kernel: [    0.986135] pci 6c07:00:00.0: reg 0x18: [mem 0xe00001000-0xe00001fff 64bit]
Nov 11 15:55:50 Daniel kernel: [    0.989208] pci 6c07:00:00.0: reg 0x20: [mem 0xc00000000-0xdffffffff 64bit]
Nov 11 15:55:50 Daniel kernel: [    0.995241] pci_bus 6c07:00: busn_res: [bus 00-ff] end is updated to 00
Nov 11 15:55:50 Daniel kernel: [    0.995644] pci 6c07:00:00.0: BAR 4: assigned [mem 0xc00000000-0xdffffffff 64bit]
Nov 11 15:55:50 Daniel kernel: [    0.998472] pci 6c07:00:00.0: BAR 0: assigned [mem 0xe00000000-0xe00000fff 64bit]
Nov 11 15:55:50 Daniel kernel: [    1.001375] pci 6c07:00:00.0: BAR 2: assigned [mem 0xe00001000-0xe00001fff 64bit]
Nov 11 15:55:50 Daniel kernel: [    1.016036] virtiofs virtio1: Cache len: 0x200000000 @ 0xc00000000
Nov 11 15:55:50 Daniel kernel: [    1.077080] memmap_init_zone_device initialised 2097152 pages in 20ms
Nov 11 15:55:50 Daniel kernel: [    1.093140] FS-Cache: Duplicate cookie detected
Nov 11 15:55:50 Daniel kernel: [    1.109551] FS-Cache: O-cookie c=00000005 [p=00000002 fl=222 nc=0 na=1]
Nov 11 15:55:50 Daniel kernel: [    1.123797] FS-Cache: O-cookie d=00000000fe7b8da2{9P.session} n=0000000011f0775f
Nov 11 15:55:50 Daniel kernel: [    1.125693] FS-Cache: O-key=[10] '34323934393337333935'
Nov 11 15:55:50 Daniel kernel: [    1.125961] FS-Cache: N-cookie c=00000006 [p=00000002 fl=2 nc=0 na=1]
Nov 11 15:55:50 Daniel kernel: [    1.126830] FS-Cache: N-cookie d=00000000fe7b8da2{9P.session} n=000000002d14130a
Nov 11 15:55:50 Daniel kernel: [    1.127337] FS-Cache: N-key=[10] '34323934393337333935'
Nov 11 15:55:50 Daniel kernel: [    1.159515] scsi 0:0:0:2: Direct-Access     Msft     Virtual Disk     1.0  PQ: 0 ANSI: 5
Nov 11 15:55:50 Daniel kernel: [    1.169767] sd 0:0:0:2: Attached scsi generic sg2 type 0
Nov 11 15:55:50 Daniel kernel: [    1.170525] sd 0:0:0:2: [sdc] 2147483648 512-byte logical blocks: (1.10 TB/1.00 TiB)
Nov 11 15:55:50 Daniel kernel: [    1.170950] sd 0:0:0:2: [sdc] 4096-byte physical blocks
Nov 11 15:55:50 Daniel kernel: [    1.171288] sd 0:0:0:2: [sdc] Write Protect is off
Nov 11 15:55:50 Daniel kernel: [    1.171542] sd 0:0:0:2: [sdc] Mode Sense: 0f 00 00 00
Nov 11 15:55:50 Daniel kernel: [    1.171902] sd 0:0:0:2: [sdc] Write cache: enabled, read cache: enabled, doesn't support DPO or FUA
Nov 11 15:55:50 Daniel kernel: [    1.174119] sd 0:0:0:2: [sdc] Attached SCSI disk
Nov 11 15:55:50 Daniel kernel: [    1.197530] EXT4-fs (sdc): mounted filesystem with ordered data mode. Opts: discard,errors=remount-ro,data=ordered. Quota mode: none.
Nov 11 15:55:50 Daniel kernel: [    1.453474] clocksource: tsc: mask: 0xffffffffffffffff max_cycles: 0x2a1127c03e1, max_idle_ns: 440795223858 ns
Nov 11 15:55:50 Daniel kernel: [    1.460134] clocksource: Switched to clocksource tsc
Nov 11 15:55:50 Daniel kernel: [    2.126889] misc dxg: dxgk: dxgkio_is_feature_enabled: Ioctl failed: -22
Nov 11 15:55:50 Daniel kernel: [    2.137153] misc dxg: dxgk: dxgkio_query_adapter_info: Ioctl failed: -22
Nov 11 15:55:50 Daniel kernel: [    2.137806] misc dxg: dxgk: dxgkio_query_adapter_info: Ioctl failed: -22
Nov 11 15:55:50 Daniel kernel: [    2.138367] misc dxg: dxgk: dxgkio_query_adapter_info: Ioctl failed: -22
Nov 11 15:55:50 Daniel kernel: [    2.138966] misc dxg: dxgk: dxgkio_query_adapter_info: Ioctl failed: -2
Nov 11 15:55:50 Daniel kernel: [    2.140387] misc dxg: dxgk: dxgkio_query_adapter_info: Ioctl failed: -22
Nov 11 15:55:50 Daniel kernel: [    2.141043] misc dxg: dxgk: dxgkio_query_adapter_info: Ioctl failed: -22
Nov 11 15:55:50 Daniel kernel: [    2.141764] misc dxg: dxgk: dxgkio_query_adapter_info: Ioctl failed: -22
Nov 11 15:55:50 Daniel kernel: [    2.142500] misc dxg: dxgk: dxgkio_query_adapter_info: Ioctl failed: -2
Nov 11 16:00:23 Daniel kernel: [    0.000000] Linux version 5.15.153.1-microsoft-standard-WSL2 (root@941d701f84f1) (gcc (GCC) 11.2.0, GNU ld (GNU Binutils) 2.37) #1 SMP Fri Mar 29 23:14:13 UTC 2024
Nov 11 16:00:23 Daniel kernel: [    0.000000] Command line: initrd=\initrd.img WSL_ROOT_INIT=1 panic=-1 nr_cpus=16 hv_utils.timesync_implicit=1 console=hvc0 debug pty.legacy_count=0 WSL_ENABLE_CRASH_DUMP=1
Nov 11 16:00:23 Daniel kernel: [    0.000000] KERNEL supported cpus:
Nov 11 16:00:23 Daniel kernel: [    0.000000]   Intel GenuineIntel
Nov 11 16:00:23 Daniel kernel: [    0.000000]   AMD AuthenticAMD
Nov 11 16:00:23 Daniel kernel: [    0.000000]   Centaur CentaurHauls
Nov 11 16:00:23 Daniel kernel: [    0.000000] BIOS-provided physical RAM map:
Nov 11 16:00:23 Daniel kernel: [    0.000000] BIOS-e820: [mem 0x0000000000000000-0x000000000009ffff] usable
Nov 11 16:00:23 Daniel kernel: [    0.000000] BIOS-e820: [mem 0x00000000000e0000-0x00000000000e0fff] reserved
Nov 11 16:00:23 Daniel kernel: [    0.000000] BIOS-e820: [mem 0x0000000000100000-0x00000000001fffff] ACPI data
Nov 11 16:00:23 Daniel kernel: [    0.000000] BIOS-e820: [mem 0x0000000000200000-0x00000000f7ffffff] usable
Nov 11 16:00:23 Daniel kernel: [    0.000000] BIOS-e820: [mem 0x0000000100000000-0x00000002fc3fffff] usable
Nov 11 16:00:23 Daniel kernel: [    0.000000] NX (Execute Disable) protection: active
Nov 11 16:00:23 Daniel kernel: [    0.000000] DMI not present or invalid.
Nov 11 16:00:23 Daniel kernel: [    0.000000] Hypervisor detected: Microsoft Hyper-V
Nov 11 16:00:23 Daniel kernel: [    0.000000] Hyper-V: privilege flags low 0xae7f, high 0x3b8030, hints 0xa4e24, misc 0xe0bed7b2
Nov 11 16:00:23 Daniel kernel: [    0.000000] Hyper-V Host Build:22621-10.0-4-0.4391
Nov 11 16:00:23 Daniel kernel: [    0.000000] Hyper-V: Nested features: 0x3e0101
Nov 11 16:00:23 Daniel kernel: [    0.000000] Hyper-V: LAPIC Timer Frequency: 0x1e8480
Nov 11 16:00:23 Daniel kernel: [    0.000000] Hyper-V: Using hypercall for remote TLB flush
Nov 11 16:00:23 Daniel kernel: [    0.000000] clocksource: hyperv_clocksource_tsc_page: mask: 0xffffffffffffffff max_cycles: 0x24e6a1710, max_idle_ns: 440795202120 ns
Nov 11 16:00:23 Daniel kernel: [    0.000003] tsc: Detected 2918.399 MHz processor
Nov 11 16:00:23 Daniel kernel: [    0.000012] e820: update [mem 0x00000000-0x00000fff] usable ==> reserved
Nov 11 16:00:23 Daniel kernel: [    0.000016] e820: remove [mem 0x000a0000-0x000fffff] usable
Nov 11 16:00:23 Daniel kernel: [    0.000020] last_pfn = 0x2fc400 max_arch_pfn = 0x400000000
Nov 11 16:00:23 Daniel kernel: [    0.000052] x86/PAT: Configuration [0-7]: WB  WC  UC- UC  WB  WP  UC- WT  
Nov 11 16:00:23 Daniel kernel: [    0.000067] last_pfn = 0xf8000 max_arch_pfn = 0x400000000
Nov 11 16:00:23 Daniel kernel: [    0.000076] Using GB pages for direct mapping
Nov 11 16:00:23 Daniel kernel: [    0.000078] Incomplete global flushes, disabling PCID
Nov 11 16:00:23 Daniel kernel: [    0.000462] RAMDISK: [mem 0x03dda000-0x04001fff]
Nov 11 16:00:23 Daniel kernel: [    0.000466] ACPI: Early table checksum verification disabled
Nov 11 16:00:23 Daniel kernel: [    0.000469] ACPI: RSDP 0x00000000000E0000 000024 (v02 VRTUAL)
Nov 11 16:00:23 Daniel kernel: [    0.000476] ACPI: XSDT 0x0000000000100000 000044 (v01 VRTUAL MICROSFT 00000001 MSFT 00000001)
Nov 11 16:00:23 Daniel kernel: [    0.000483] ACPI: FACP 0x0000000000101000 000114 (v06 VRTUAL MICROSFT 00000001 MSFT 00000001)
Nov 11 16:00:23 Daniel kernel: [    0.000490] ACPI: DSDT 0x00000000001011B8 01E191 (v02 MSFTVM DSDT01   00000001 MSFT 05000000)
Nov 11 16:00:23 Daniel kernel: [    0.000495] ACPI: FACS 0x0000000000101114 000040
Nov 11 16:00:23 Daniel kernel: [    0.000499] ACPI: OEM0 0x0000000000101154 000064 (v01 VRTUAL MICROSFT 00000001 MSFT 00000001)
Nov 11 16:00:23 Daniel kernel: [    0.000503] ACPI: SRAT 0x000000000011F349 0003B0 (v02 VRTUAL MICROSFT 00000001 MSFT 00000001)
Nov 11 16:00:23 Daniel kernel: [    0.000507] ACPI: APIC 0x000000000011F6F9 0000C8 (v04 VRTUAL MICROSFT 00000001 MSFT 00000001)
Nov 11 16:00:23 Daniel kernel: [    0.000510] ACPI: Reserving FACP table memory at [mem 0x101000-0x101113]
Nov 11 16:00:23 Daniel kernel: [    0.000513] ACPI: Reserving DSDT table memory at [mem 0x1011b8-0x11f348]
Nov 11 16:00:23 Daniel kernel: [    0.000514] ACPI: Reserving FACS table memory at [mem 0x101114-0x101153]
Nov 11 16:00:23 Daniel kernel: [    0.000516] ACPI: Reserving OEM0 table memory at [mem 0x101154-0x1011b7]
Nov 11 16:00:23 Daniel kernel: [    0.000517] ACPI: Reserving SRAT table memory at [mem 0x11f349-0x11f6f8]
Nov 11 16:00:23 Daniel kernel: [    0.000518] ACPI: Reserving APIC table memory at [mem 0x11f6f9-0x11f7c0]
Nov 11 16:00:23 Daniel kernel: [    0.000752] Zone ranges:
Nov 11 16:00:23 Daniel kernel: [    0.000753]   DMA      [mem 0x0000000000001000-0x0000000000ffffff]
Nov 11 16:00:23 Daniel kernel: [    0.000756]   DMA32    [mem 0x0000000001000000-0x00000000ffffffff]
Nov 11 16:00:23 Daniel kernel: [    0.000757]   Normal   [mem 0x0000000100000000-0x00000002fc3fffff]
Nov 11 16:00:23 Daniel kernel: [    0.000759]   Device   empty
Nov 11 16:00:23 Daniel kernel: [    0.000760] Movable zone start for each node
Nov 11 16:00:23 Daniel kernel: [    0.000761] Early memory node ranges
Nov 11 16:00:23 Daniel kernel: [    0.000762]   node   0: [mem 0x0000000000001000-0x000000000009ffff]
Nov 11 16:00:23 Daniel kernel: [    0.000764]   node   0: [mem 0x0000000000200000-0x00000000f7ffffff]
Nov 11 16:00:23 Daniel kernel: [    0.000766]   node   0: [mem 0x0000000100000000-0x00000002fc3fffff]
Nov 11 16:00:23 Daniel kernel: [    0.000767] Initmem setup node 0 [mem 0x0000000000001000-0x00000002fc3fffff]
Nov 11 16:00:23 Daniel kernel: [    0.000964] On node 0, zone DMA: 1 pages in unavailable ranges
Nov 11 16:00:23 Daniel kernel: [    0.000988] On node 0, zone DMA: 352 pages in unavailable ranges
Nov 11 16:00:23 Daniel kernel: [    0.014540] On node 0, zone Normal: 15360 pages in unavailable ranges
Nov 11 16:00:23 Daniel kernel: [    0.014592] ACPI: LAPIC_NMI (acpi_id[0x01] dfl dfl lint[0x1])
Nov 11 16:00:23 Daniel kernel: [    0.015058] IOAPIC[0]: apic_id 16, version 17, address 0xfec00000, GSI 0-23
Nov 11 16:00:23 Daniel kernel: [    0.015063] ACPI: INT_SRC_OVR (bus 0 bus_irq 9 global_irq 9 high level)
Nov 11 16:00:23 Daniel kernel: [    0.015068] ACPI: Using ACPI (MADT) for SMP configuration information
Nov 11 16:00:23 Daniel kernel: [    0.015070] TSC deadline timer available
Nov 11 16:00:23 Daniel kernel: [    0.015072] smpboot: Allowing 16 CPUs, 0 hotplug CPUs
Nov 11 16:00:23 Daniel kernel: [    0.015080] [mem 0xf8000000-0xffffffff] available for PCI devices
Nov 11 16:00:23 Daniel kernel: [    0.015081] Booting paravirtualized kernel on Hyper-V
Nov 11 16:00:23 Daniel kernel: [    0.015083] clocksource: refined-jiffies: mask: 0xffffffff max_cycles: 0xffffffff, max_idle_ns: 19112604462750000 ns
Nov 11 16:00:23 Daniel kernel: [    0.023607] setup_percpu: NR_CPUS:256 nr_cpumask_bits:256 nr_cpu_ids:16 nr_node_ids:1
Nov 11 16:00:23 Daniel kernel: [    0.024480] percpu: Embedded 54 pages/cpu s180696 r8192 d32296 u262144
Nov 11 16:00:23 Daniel kernel: [    0.024485] pcpu-alloc: s180696 r8192 d32296 u262144 alloc=1*2097152
Nov 11 16:00:23 Daniel kernel: [    0.024488] pcpu-alloc: [0] 00 01 02 03 04 05 06 07 [0] 08 09 10 11 12 13 14 15 
Nov 11 16:00:23 Daniel kernel: [    0.024507] Hyper-V: PV spinlocks enabled
Nov 11 16:00:23 Daniel kernel: [    0.024508] PV qspinlock hash table entries: 256 (order: 0, 4096 bytes, linear)
Nov 11 16:00:23 Daniel kernel: [    0.024513] Built 1 zonelists, mobility grouping on.  Total pages: 3048181
Nov 11 16:00:23 Daniel kernel: [    0.024515] Kernel command line: initrd=\initrd.img WSL_ROOT_INIT=1 panic=-1 nr_cpus=16 hv_utils.timesync_implicit=1 console=hvc0 debug pty.legacy_count=0 WSL_ENABLE_CRASH_DUMP=1
Nov 11 16:00:23 Daniel kernel: [    0.024586] Unknown kernel command line parameters "WSL_ROOT_INIT=1 WSL_ENABLE_CRASH_DUMP=1", will be passed to user space.
Nov 11 16:00:23 Daniel kernel: [    0.027295] Dentry cache hash table entries: 2097152 (order: 12, 16777216 bytes, linear)
Nov 11 16:00:23 Daniel kernel: [    0.028641] Inode-cache hash table entries: 1048576 (order: 11, 8388608 bytes, linear)
Nov 11 16:00:23 Daniel kernel: [    0.028829] mem auto-init: stack:off, heap alloc:off, heap free:off
Nov 11 16:00:23 Daniel kernel: [    0.057230] Memory: 4081188K/12388988K available (18452K kernel code, 2628K rwdata, 9648K rodata, 2008K init, 1816K bss, 334864K reserved, 0K cma-reserved)
Nov 11 16:00:23 Daniel kernel: [    0.057304] SLUB: HWalign=64, Order=0-3, MinObjects=0, CPUs=16, Nodes=1
Nov 11 16:00:23 Daniel kernel: [    0.057320] ftrace: allocating 52916 entries in 207 pages
Nov 11 16:00:23 Daniel kernel: [    0.087177] ftrace: allocated 207 pages with 6 groups
Nov 11 16:00:23 Daniel kernel: [    0.087524] rcu: Hierarchical RCU implementation.
Nov 11 16:00:23 Daniel kernel: [    0.087527] rcu: 	RCU restricting CPUs from NR_CPUS=256 to nr_cpu_ids=16.
Nov 11 16:00:23 Daniel kernel: [    0.087529] 	Rude variant of Tasks RCU enabled.
Nov 11 16:00:23 Daniel kernel: [    0.087531] 	Tracing variant of Tasks RCU enabled.
Nov 11 16:00:23 Daniel kernel: [    0.087532] rcu: RCU calculated value of scheduler-enlistment delay is 10 jiffies.
Nov 11 16:00:23 Daniel kernel: [    0.087533] rcu: Adjusting geometry for rcu_fanout_leaf=16, nr_cpu_ids=16
Nov 11 16:00:23 Daniel kernel: [    0.093933] Using NULL legacy PIC
Nov 11 16:00:23 Daniel kernel: [    0.093937] NR_IRQS: 16640, nr_irqs: 552, preallocated irqs: 0
Nov 11 16:00:23 Daniel kernel: [    0.094312] random: crng init done
Nov 11 16:00:23 Daniel kernel: [    0.094349] Console: colour dummy device 80x25
Nov 11 16:00:23 Daniel kernel: [    0.094364] ACPI: Core revision 20210730
Nov 11 16:00:23 Daniel kernel: [    0.094459] Failed to register legacy timer interrupt
Nov 11 16:00:23 Daniel kernel: [    0.094460] APIC: Switch to symmetric I/O mode setup
Nov 11 16:00:23 Daniel kernel: [    0.096562] x2apic enabled
Nov 11 16:00:23 Daniel kernel: [    0.098220] Switched APIC routing to physical x2apic.
Nov 11 16:00:23 Daniel kernel: [    0.098240] Hyper-V: Using IPI hypercalls
Nov 11 16:00:23 Daniel kernel: [    0.098309] clocksource: tsc-early: mask: 0xffffffffffffffff max_cycles: 0x2a1127c03e1, max_idle_ns: 440795223858 ns
Nov 11 16:00:23 Daniel kernel: [    0.098316] Calibrating delay loop (skipped), value calculated using timer frequency.. 5836.79 BogoMIPS (lpj=29183990)
Nov 11 16:00:23 Daniel kernel: [    0.098415] x86/cpu: User Mode Instruction Prevention (UMIP) activated
Nov 11 16:00:23 Daniel kernel: [    0.098426] Last level iTLB entries: 4KB 0, 2MB 0, 4MB 0
Nov 11 16:00:23 Daniel kernel: [    0.098428] Last level dTLB entries: 4KB 0, 2MB 0, 4MB 0, 1GB 0
Nov 11 16:00:23 Daniel kernel: [    0.098431] Spectre V1 : Mitigation: usercopy/swapgs barriers and __user pointer sanitization
Nov 11 16:00:23 Daniel kernel: [    0.098434] Spectre V2 : Mitigation: Enhanced IBRS
Nov 11 16:00:23 Daniel kernel: [    0.098435] Spectre V2 : Spectre v2 / SpectreRSB mitigation: Filling RSB on context switch
Nov 11 16:00:23 Daniel kernel: [    0.098436] Spectre V2 : Spectre v2 / PBRSB-eIBRS: Retire a single CALL on VMEXIT
Nov 11 16:00:23 Daniel kernel: [    0.098437] RETBleed: Mitigation: Enhanced IBRS
Nov 11 16:00:23 Daniel kernel: [    0.098438] Spectre V2 : mitigation: Enabling conditional Indirect Branch Prediction Barrier
Nov 11 16:00:23 Daniel kernel: [    0.098440] Speculative Store Bypass: Mitigation: Speculative Store Bypass disabled via prctl and seccomp
Nov 11 16:00:23 Daniel kernel: [    0.098454] x86/fpu: Supporting XSAVE feature 0x001: 'x87 floating point registers'
Nov 11 16:00:23 Daniel kernel: [    0.098456] x86/fpu: Supporting XSAVE feature 0x002: 'SSE registers'
Nov 11 16:00:23 Daniel kernel: [    0.098457] x86/fpu: Supporting XSAVE feature 0x004: 'AVX registers'
Nov 11 16:00:23 Daniel kernel: [    0.098460] x86/fpu: xstate_offset[2]:  576, xstate_sizes[2]:  256
Nov 11 16:00:23 Daniel kernel: [    0.098461] x86/fpu: Enabled xstate features 0x7, context size is 832 bytes, using 'compacted' format.
Nov 11 16:00:23 Daniel kernel: [    0.108312] Freeing SMP alternatives memory: 60K
Nov 11 16:00:23 Daniel kernel: [    0.108312] pid_max: default: 32768 minimum: 301
Nov 11 16:00:23 Daniel kernel: [    0.108312] LSM: Security Framework initializing
Nov 11 16:00:23 Daniel kernel: [    0.108312] landlock: Up and running.
Nov 11 16:00:23 Daniel kernel: [    0.108312] Mount-cache hash table entries: 32768 (order: 6, 262144 bytes, linear)
Nov 11 16:00:23 Daniel kernel: [    0.108312] Mountpoint-cache hash table entries: 32768 (order: 6, 262144 bytes, linear)
Nov 11 16:00:23 Daniel kernel: [    0.108312] smpboot: CPU0: 13th Gen Intel(R) Core(TM) i7-13620H (family: 0x6, model: 0xba, stepping: 0x2)
Nov 11 16:00:23 Daniel kernel: [    0.108312] Performance Events: unsupported p6 CPU model 186 no PMU driver, software events only.
Nov 11 16:00:23 Daniel kernel: [    0.108312] signal: max sigframe size: 1776
Nov 11 16:00:23 Daniel kernel: [    0.108312] rcu: Hierarchical SRCU implementation.
Nov 11 16:00:23 Daniel kernel: [    0.108312] smp: Bringing up secondary CPUs ...
Nov 11 16:00:23 Daniel kernel: [    0.108312] x86: Booting SMP configuration:
Nov 11 16:00:23 Daniel kernel: [    0.108312] .... node  #0, CPUs:        #1  #2  #3  #4  #5  #6  #7  #8  #9 #10 #11 #12 #13 #14 #15
Nov 11 16:00:23 Daniel kernel: [    0.108956] smp: Brought up 1 node, 16 CPUs
Nov 11 16:00:23 Daniel kernel: [    0.108961] smpboot: Max logical packages: 1
Nov 11 16:00:23 Daniel kernel: [    0.108963] smpboot: Total of 16 processors activated (93388.76 BogoMIPS)
Nov 11 16:00:23 Daniel kernel: [    0.135257] node 0 deferred pages initialised in 20ms
Nov 11 16:00:23 Daniel kernel: [    0.135281] devtmpfs: initialized
Nov 11 16:00:23 Daniel kernel: [    0.135281] x86/mm: Memory block size: 128MB
Nov 11 16:00:23 Daniel kernel: [    0.135281] clocksource: jiffies: mask: 0xffffffff max_cycles: 0xffffffff, max_idle_ns: 19112604462750000 ns
Nov 11 16:00:23 Daniel kernel: [    0.135281] futex hash table entries: 4096 (order: 6, 262144 bytes, linear)
Nov 11 16:00:23 Daniel kernel: [    0.135281] NET: Registered PF_NETLINK/PF_ROUTE protocol family
Nov 11 16:00:23 Daniel kernel: [    0.135281] audit: initializing netlink subsys (disabled)
Nov 11 16:00:23 Daniel kernel: [    0.135281] audit: type=2000 audit(1731358820.030:1): state=initialized audit_enabled=0 res=1
Nov 11 16:00:23 Daniel kernel: [    0.135281] thermal_sys: Registered thermal governor 'step_wise'
Nov 11 16:00:23 Daniel kernel: [    0.135281] cpuidle: using governor menu
Nov 11 16:00:23 Daniel kernel: [    0.135281] ACPI: bus type PCI registered
Nov 11 16:00:23 Daniel kernel: [    0.135281] PCI: Fatal: No config space access function found
Nov 11 16:00:23 Daniel kernel: [    0.135281] kprobes: kprobe jump-optimization is enabled. All kprobes are optimized if possible.
Nov 11 16:00:23 Daniel kernel: [    0.138354] HugeTLB registered 1.00 GiB page size, pre-allocated 0 pages
Nov 11 16:00:23 Daniel kernel: [    0.138354] HugeTLB registered 2.00 MiB page size, pre-allocated 0 pages
Nov 11 16:00:23 Daniel kernel: [    0.138602] raid6: skip pq benchmark and using algorithm avx2x4
Nov 11 16:00:23 Daniel kernel: [    0.138605] raid6: using avx2x2 recovery algorithm
Nov 11 16:00:23 Daniel kernel: [    0.138621] ACPI: Added _OSI(Module Device)
Nov 11 16:00:23 Daniel kernel: [    0.138622] ACPI: Added _OSI(Processor Device)
Nov 11 16:00:23 Daniel kernel: [    0.138623] ACPI: Added _OSI(3.0 _SCP Extensions)
Nov 11 16:00:23 Daniel kernel: [    0.138625] ACPI: Added _OSI(Processor Aggregator Device)
Nov 11 16:00:23 Daniel kernel: [    0.138626] ACPI: Added _OSI(Linux-Dell-Video)
Nov 11 16:00:23 Daniel kernel: [    0.138627] ACPI: Added _OSI(Linux-Lenovo-NV-HDMI-Audio)
Nov 11 16:00:23 Daniel kernel: [    0.138629] ACPI: Added _OSI(Linux-HPI-Hybrid-Graphics)
Nov 11 16:00:23 Daniel kernel: [    0.142439] ACPI: 1 ACPI AML tables successfully acquired and loaded
Nov 11 16:00:23 Daniel kernel: [    0.143214] ACPI: Interpreter enabled
Nov 11 16:00:23 Daniel kernel: [    0.143217] ACPI: PM: (supports S0 S5)
Nov 11 16:00:23 Daniel kernel: [    0.143219] ACPI: Using IOAPIC for interrupt routing
Nov 11 16:00:23 Daniel kernel: [    0.143226] PCI: Using host bridge windows from ACPI; if necessary, use "pci=nocrs" and report a bug
Nov 11 16:00:23 Daniel kernel: [    0.143356] ACPI: Enabled 2 GPEs in block 00 to 0F
Nov 11 16:00:23 Daniel kernel: [    0.149353] iommu: Default domain type: Translated 
Nov 11 16:00:23 Daniel kernel: [    0.149355] iommu: DMA domain TLB invalidation policy: lazy mode 
Nov 11 16:00:23 Daniel kernel: [    0.149421] SCSI subsystem initialized
Nov 11 16:00:23 Daniel kernel: [    0.149431] ACPI: bus type USB registered
Nov 11 16:00:23 Daniel kernel: [    0.149441] usbcore: registered new interface driver usbfs
Nov 11 16:00:23 Daniel kernel: [    0.149447] usbcore: registered new interface driver hub
Nov 11 16:00:23 Daniel kernel: [    0.149455] usbcore: registered new device driver usb
Nov 11 16:00:23 Daniel kernel: [    0.149467] pps_core: LinuxPPS API ver. 1 registered
Nov 11 16:00:23 Daniel kernel: [    0.149468] pps_core: Software ver. 5.3.6 - Copyright 2005-2007 Rodolfo Giometti <giometti@linux.it>
Nov 11 16:00:23 Daniel kernel: [    0.149470] PTP clock support registered
Nov 11 16:00:23 Daniel kernel: [    0.149507] hv_vmbus: Vmbus version:5.3
Nov 11 16:00:23 Daniel kernel: [    0.149507] PCI: Using ACPI for IRQ routing
Nov 11 16:00:23 Daniel kernel: [    0.149507] PCI: System does not support PCI
Nov 11 16:00:23 Daniel kernel: [    0.150948] hv_vmbus: Unknown GUID: c376c1c3-d276-48d2-90a9-c04748072c60
Nov 11 16:00:23 Daniel kernel: [    0.150683] clocksource: Switched to clocksource tsc-early
Nov 11 16:00:23 Daniel kernel: [    0.159110] VFS: Disk quotas dquot_6.6.0
Nov 11 16:00:23 Daniel kernel: [    0.159123] VFS: Dquot-cache hash table entries: 512 (order 0, 4096 bytes)
Nov 11 16:00:23 Daniel kernel: [    0.159140] FS-Cache: Loaded
Nov 11 16:00:23 Daniel kernel: [    0.159161] pnp: PnP ACPI init
Nov 11 16:00:23 Daniel kernel: [    0.159381] pnp: PnP ACPI: found 1 devices
Nov 11 16:00:23 Daniel kernel: [    0.163121] NET: Registered PF_INET protocol family
Nov 11 16:00:23 Daniel kernel: [    0.163626] IP idents hash table entries: 262144 (order: 9, 2097152 bytes, linear)
Nov 11 16:00:23 Daniel kernel: [    0.165201] tcp_listen_portaddr_hash hash table entries: 8192 (order: 5, 131072 bytes, linear)
Nov 11 16:00:23 Daniel kernel: [    0.165213] Table-perturb hash table entries: 65536 (order: 6, 262144 bytes, linear)
Nov 11 16:00:23 Daniel kernel: [    0.165218] TCP established hash table entries: 131072 (order: 8, 1048576 bytes, linear)
Nov 11 16:00:23 Daniel kernel: [    0.165328] TCP bind hash table entries: 65536 (order: 8, 1048576 bytes, linear)
Nov 11 16:00:23 Daniel kernel: [    0.165595] TCP: Hash tables configured (established 131072 bind 65536)
Nov 11 16:00:23 Daniel kernel: [    0.165620] UDP hash table entries: 8192 (order: 6, 262144 bytes, linear)
Nov 11 16:00:23 Daniel kernel: [    0.165645] UDP-Lite hash table entries: 8192 (order: 6, 262144 bytes, linear)
Nov 11 16:00:23 Daniel kernel: [    0.165686] NET: Registered PF_UNIX/PF_LOCAL protocol family
Nov 11 16:00:23 Daniel kernel: [    0.166045] RPC: Registered named UNIX socket transport module.
Nov 11 16:00:23 Daniel kernel: [    0.166047] RPC: Registered udp transport module.
Nov 11 16:00:23 Daniel kernel: [    0.166047] RPC: Registered tcp transport module.
Nov 11 16:00:23 Daniel kernel: [    0.166048] RPC: Registered tcp NFSv4.1 backchannel transport module.
Nov 11 16:00:23 Daniel kernel: [    0.166051] PCI: CLS 0 bytes, default 64
Nov 11 16:00:23 Daniel kernel: [    0.166069] PCI-DMA: Using software bounce buffering for IO (SWIOTLB)
Nov 11 16:00:23 Daniel kernel: [    0.166070] software IO TLB: mapped [mem 0x00000000f4000000-0x00000000f8000000] (64MB)
Nov 11 16:00:23 Daniel kernel: [    0.166097] KVM: vmx: using Hyper-V Enlightened VMCS
Nov 11 16:00:23 Daniel kernel: [    0.166114] Trying to unpack rootfs image as initramfs...
Nov 11 16:00:23 Daniel kernel: [    0.167323] Freeing initrd memory: 2208K
Nov 11 16:00:23 Daniel kernel: [    0.364332] kvm: already loaded the other module
Nov 11 16:00:23 Daniel kernel: [    0.368190] Initialise system trusted keyrings
Nov 11 16:00:23 Daniel kernel: [    0.368340] workingset: timestamp_bits=46 max_order=22 bucket_order=0
Nov 11 16:00:23 Daniel kernel: [    0.369424] squashfs: version 4.0 (2009/01/31) Phillip Lougher
Nov 11 16:00:23 Daniel kernel: [    0.369819] NFS: Registering the id_resolver key type
Nov 11 16:00:23 Daniel kernel: [    0.369827] Key type id_resolver registered
Nov 11 16:00:23 Daniel kernel: [    0.369828] Key type id_legacy registered
Nov 11 16:00:23 Daniel kernel: [    0.370406] nfs4filelayout_init: NFSv4 File Layout Driver Registering...
Nov 11 16:00:23 Daniel kernel: [    0.370410] nfs4flexfilelayout_init: NFSv4 Flexfile Layout Driver Registering...
Nov 11 16:00:23 Daniel kernel: [    0.370412] Installing knfsd (copyright (C) 1996 okir@monad.swb.de).
Nov 11 16:00:23 Daniel kernel: [    0.371155] Key type cifs.idmap registered
Nov 11 16:00:23 Daniel kernel: [    0.371226] fuse: init (API version 7.34)
Nov 11 16:00:23 Daniel kernel: [    0.371392] SGI XFS with ACLs, security attributes, realtime, scrub, repair, quota, no debug enabled
Nov 11 16:00:23 Daniel kernel: [    0.372048] 9p: Installing v9fs 9p2000 file system support
Nov 11 16:00:23 Daniel kernel: [    0.372058] FS-Cache: Netfs '9p' registered for caching
Nov 11 16:00:23 Daniel kernel: [    0.372115] FS-Cache: Netfs 'ceph' registered for caching
Nov 11 16:00:23 Daniel kernel: [    0.372118] ceph: loaded (mds proto 32)
Nov 11 16:00:23 Daniel kernel: [    0.382050] NET: Registered PF_ALG protocol family
Nov 11 16:00:23 Daniel kernel: [    0.382054] xor: automatically using best checksumming function   avx       
Nov 11 16:00:23 Daniel kernel: [    0.382057] Key type asymmetric registered
Nov 11 16:00:23 Daniel kernel: [    0.382058] Asymmetric key parser 'x509' registered
Nov 11 16:00:23 Daniel kernel: [    0.382083] Block layer SCSI generic (bsg) driver version 0.4 loaded (major 248)
Nov 11 16:00:23 Daniel kernel: [    0.382863] hv_vmbus: registering driver hv_pci
Nov 11 16:00:23 Daniel kernel: [    0.383537] hv_pci 5aaaa41c-8a53-429a-ad85-5f5d5971cc39: PCI VMBus probing: Using version 0x10004
Nov 11 16:00:23 Daniel kernel: [    0.384670] hv_pci 5aaaa41c-8a53-429a-ad85-5f5d5971cc39: PCI host bridge to bus 8a53:00
Nov 11 16:00:23 Daniel kernel: [    0.384673] pci_bus 8a53:00: root bus resource [mem 0x9ffe00000-0x9ffe02fff window]
Nov 11 16:00:23 Daniel kernel: [    0.384676] pci_bus 8a53:00: No busn resource found for root bus, will use [bus 00-ff]
Nov 11 16:00:23 Daniel kernel: [    0.385261] pci 8a53:00:00.0: [1af4:1043] type 00 class 0x010000
Nov 11 16:00:23 Daniel kernel: [    0.386189] pci 8a53:00:00.0: reg 0x10: [mem 0x9ffe00000-0x9ffe00fff 64bit]
Nov 11 16:00:23 Daniel kernel: [    0.386790] pci 8a53:00:00.0: reg 0x18: [mem 0x9ffe01000-0x9ffe01fff 64bit]
Nov 11 16:00:23 Daniel kernel: [    0.387378] pci 8a53:00:00.0: reg 0x20: [mem 0x9ffe02000-0x9ffe02fff 64bit]
Nov 11 16:00:23 Daniel kernel: [    0.390129] pci_bus 8a53:00: busn_res: [bus 00-ff] end is updated to 00
Nov 11 16:00:23 Daniel kernel: [    0.390135] pci 8a53:00:00.0: BAR 0: assigned [mem 0x9ffe00000-0x9ffe00fff 64bit]
Nov 11 16:00:23 Daniel kernel: [    0.390490] pci 8a53:00:00.0: BAR 2: assigned [mem 0x9ffe01000-0x9ffe01fff 64bit]
Nov 11 16:00:23 Daniel kernel: [    0.390967] pci 8a53:00:00.0: BAR 4: assigned [mem 0x9ffe02000-0x9ffe02fff 64bit]
Nov 11 16:00:23 Daniel kernel: [    0.391726] ACPI: AC: AC Adapter [AC1] (off-line)
Nov 11 16:00:23 Daniel kernel: [    0.392489] ACPI: battery: Slot [BAT1] (battery present)
Nov 11 16:00:23 Daniel kernel: [    0.395760] Serial: 8250/16550 driver, 4 ports, IRQ sharing disabled
Nov 11 16:00:23 Daniel kernel: [    0.435556] Non-volatile memory driver v1.3
Nov 11 16:00:23 Daniel kernel: [    0.436142] [drm] Initialized vgem 1.0.0 20120112 for vgem on minor 0
Nov 11 16:00:23 Daniel kernel: [    0.436613] printk: console [hvc0] enabled
Nov 11 16:00:23 Daniel kernel: [    0.440264] brd: module loaded
Nov 11 16:00:23 Daniel kernel: [    0.441892] loop: module loaded
Nov 11 16:00:23 Daniel kernel: [    0.442313] hv_vmbus: registering driver hv_storvsc
Nov 11 16:00:23 Daniel kernel: [    0.442774] wireguard: WireGuard 1.0.0 loaded. See www.wireguard.com for information.
Nov 11 16:00:23 Daniel kernel: [    0.443368] wireguard: Copyright (C) 2015-2019 Jason A. Donenfeld <Jason@zx2c4.com>. All Rights Reserved.
Nov 11 16:00:23 Daniel kernel: [    0.444204] tun: Universal TUN/TAP device driver, 1.6
Nov 11 16:00:23 Daniel kernel: [    0.444751] PPP generic driver version 2.4.2
Nov 11 16:00:23 Daniel kernel: [    0.445533] PPP BSD Compression module registered
Nov 11 16:00:23 Daniel kernel: [    0.446167] PPP Deflate Compression module registered
Nov 11 16:00:23 Daniel kernel: [    0.446442] scsi host0: storvsc_host_t
Nov 11 16:00:23 Daniel kernel: [    0.447407] PPP MPPE Compression module registered
Nov 11 16:00:23 Daniel kernel: [    0.447409] NET: Registered PF_PPPOX protocol family
Nov 11 16:00:23 Daniel kernel: [    0.447440] usbcore: registered new interface driver cdc_ether
Nov 11 16:00:23 Daniel kernel: [    0.447449] usbcore: registered new interface driver cdc_ncm
Nov 11 16:00:23 Daniel kernel: [    0.447454] usbcore: registered new interface driver r8153_ecm
Nov 11 16:00:23 Daniel kernel: [    0.447456] hv_vmbus: registering driver hv_netvsc
Nov 11 16:00:23 Daniel kernel: [    0.447814] VFIO - User Level meta-driver version: 0.3
Nov 11 16:00:23 Daniel kernel: [    0.451121] usbcore: registered new interface driver cdc_acm
Nov 11 16:00:23 Daniel kernel: [    0.451608] cdc_acm: USB Abstract Control Model driver for USB modems and ISDN adapters
Nov 11 16:00:23 Daniel kernel: [    0.452338] vhci_hcd vhci_hcd.0: USB/IP Virtual Host Controller
Nov 11 16:00:23 Daniel kernel: [    0.452826] vhci_hcd vhci_hcd.0: new USB bus registered, assigned bus number 1
Nov 11 16:00:23 Daniel kernel: [    0.453382] vhci_hcd: created sysfs vhci_hcd.0
Nov 11 16:00:23 Daniel kernel: [    0.454664] usb usb1: New USB device found, idVendor=1d6b, idProduct=0002, bcdDevice= 5.15
Nov 11 16:00:23 Daniel kernel: [    0.455293] usb usb1: New USB device strings: Mfr=3, Product=2, SerialNumber=1
Nov 11 16:00:23 Daniel kernel: [    0.455829] usb usb1: Product: USB/IP Virtual Host Controller
Nov 11 16:00:23 Daniel kernel: [    0.456298] usb usb1: Manufacturer: Linux 5.15.153.1-microsoft-standard-WSL2 vhci_hcd
Nov 11 16:00:23 Daniel kernel: [    0.456845] usb usb1: SerialNumber: vhci_hcd.0
Nov 11 16:00:23 Daniel kernel: [    0.457314] hub 1-0:1.0: USB hub found
Nov 11 16:00:23 Daniel kernel: [    0.457616] hub 1-0:1.0: 8 ports detected
Nov 11 16:00:23 Daniel kernel: [    0.458862] vhci_hcd vhci_hcd.0: USB/IP Virtual Host Controller
Nov 11 16:00:23 Daniel kernel: [    0.459240] vhci_hcd vhci_hcd.0: new USB bus registered, assigned bus number 2
Nov 11 16:00:23 Daniel kernel: [    0.459777] usb usb2: We don't know the algorithms for LPM for this host, disabling LPM.
Nov 11 16:00:23 Daniel kernel: [    0.460738] usb usb2: New USB device found, idVendor=1d6b, idProduct=0003, bcdDevice= 5.15
Nov 11 16:00:23 Daniel kernel: [    0.461175] usb usb2: New USB device strings: Mfr=3, Product=2, SerialNumber=1
Nov 11 16:00:23 Daniel kernel: [    0.461777] usb usb2: Product: USB/IP Virtual Host Controller
Nov 11 16:00:23 Daniel kernel: [    0.462218] usb usb2: Manufacturer: Linux 5.15.153.1-microsoft-standard-WSL2 vhci_hcd
Nov 11 16:00:23 Daniel kernel: [    0.462613] usb usb2: SerialNumber: vhci_hcd.0
Nov 11 16:00:23 Daniel kernel: [    0.463081] hub 2-0:1.0: USB hub found
Nov 11 16:00:23 Daniel kernel: [    0.463397] hub 2-0:1.0: 8 ports detected
Nov 11 16:00:23 Daniel kernel: [    0.464008] hv_vmbus: registering driver hyperv_keyboard
Nov 11 16:00:23 Daniel kernel: [    0.464501] rtc_cmos 00:00: RTC can wake from S4
Nov 11 16:00:23 Daniel kernel: [    0.466692] rtc_cmos 00:00: registered as rtc0
Nov 11 16:00:23 Daniel kernel: [    0.467659] rtc_cmos 00:00: setting system clock to 2024-11-11T21:00:20 UTC (1731358820)
Nov 11 16:00:23 Daniel kernel: [    0.468464] rtc_cmos 00:00: alarms up to one month, 114 bytes nvram
Nov 11 16:00:23 Daniel kernel: [    0.469081] device-mapper: ioctl: 4.45.0-ioctl (2021-03-22) initialised: dm-devel@redhat.com
Nov 11 16:00:23 Daniel kernel: [    0.469703] device-mapper: raid: Loading target version 1.15.1
Nov 11 16:00:23 Daniel kernel: [    0.470073] hid: raw HID events driver (C) Jiri Kosina
Nov 11 16:00:23 Daniel kernel: [    0.470342] usbcore: registered new interface driver usbhid
Nov 11 16:00:23 Daniel kernel: [    0.470592] usbhid: USB HID core driver
Nov 11 16:00:23 Daniel kernel: [    0.470847] hv_utils: Registering HyperV Utility Driver
Nov 11 16:00:23 Daniel kernel: [    0.471115] hv_vmbus: registering driver hv_utils
Nov 11 16:00:23 Daniel kernel: [    0.471392] hv_vmbus: registering driver hv_balloon
Nov 11 16:00:23 Daniel kernel: [    0.471850] hv_vmbus: registering driver dxgkrnl
Nov 11 16:00:23 Daniel kernel: [    0.471956] hv_utils: TimeSync IC version 4.0
Nov 11 16:00:23 Daniel kernel: [    0.472311] drop_monitor: Initializing network drop monitor service
Nov 11 16:00:23 Daniel kernel: [    0.473205] hv_balloon: Using Dynamic Memory protocol version 2.0
Nov 11 16:00:23 Daniel kernel: [    0.473356] Mirror/redirect action on
Nov 11 16:00:23 Daniel kernel: [    0.473454] u32 classifier
Nov 11 16:00:23 Daniel kernel: [    0.473455]     Performance counters on
Nov 11 16:00:23 Daniel kernel: [    0.473456]     input device check on
Nov 11 16:00:23 Daniel kernel: [    0.473456]     Actions configured
Nov 11 16:00:23 Daniel kernel: [    0.475302] IPVS: Registered protocols (TCP, UDP)
Nov 11 16:00:23 Daniel kernel: [    0.477310] Free page reporting enabled
Nov 11 16:00:23 Daniel kernel: [    0.477334] IPVS: Connection hash table configured (size=4096, memory=32Kbytes)
Nov 11 16:00:23 Daniel kernel: [    0.477558] hv_balloon: Cold memory discard hint enabled with order 9
Nov 11 16:00:23 Daniel kernel: [    0.478510] IPVS: ipvs loaded.
Nov 11 16:00:23 Daniel kernel: [    0.478783] IPVS: [rr] scheduler registered.
Nov 11 16:00:23 Daniel kernel: [    0.479093] IPVS: [wrr] scheduler registered.
Nov 11 16:00:23 Daniel kernel: [    0.479405] IPVS: [sh] scheduler registered.
Nov 11 16:00:23 Daniel kernel: [    0.479769] ipt_CLUSTERIP: ClusterIP Version 0.8 loaded successfully
Nov 11 16:00:23 Daniel kernel: [    0.480137] Initializing XFRM netlink socket
Nov 11 16:00:23 Daniel kernel: [    0.480436] NET: Registered PF_INET6 protocol family
Nov 11 16:00:23 Daniel kernel: [    0.481038] Segment Routing with IPv6
Nov 11 16:00:23 Daniel kernel: [    0.481458] In-situ OAM (IOAM) with IPv6
Nov 11 16:00:23 Daniel kernel: [    0.481792] NET: Registered PF_PACKET protocol family
Nov 11 16:00:23 Daniel kernel: [    0.482149] Bridge firewalling registered
Nov 11 16:00:23 Daniel kernel: [    0.482345] 8021q: 802.1Q VLAN Support v1.8
Nov 11 16:00:23 Daniel kernel: [    0.482614] sctp: Hash tables configured (bind 256/256)
Nov 11 16:00:23 Daniel kernel: [    0.482994] 9pnet: Installing 9P2000 support
Nov 11 16:00:23 Daniel kernel: [    0.483346] Key type dns_resolver registered
Nov 11 16:00:23 Daniel kernel: [    0.483678] Key type ceph registered
Nov 11 16:00:23 Daniel kernel: [    0.484114] libceph: loaded (mon/osd proto 15/24)
Nov 11 16:00:23 Daniel kernel: [    0.484561] NET: Registered PF_VSOCK protocol family
Nov 11 16:00:23 Daniel kernel: [    0.484912] hv_vmbus: registering driver hv_sock
Nov 11 16:00:23 Daniel kernel: [    0.485407] IPI shorthand broadcast: enabled
Nov 11 16:00:23 Daniel kernel: [    0.485706] sched_clock: Marking stable (480534484, 4014400)->(505163300, -20614416)
Nov 11 16:00:23 Daniel kernel: [    0.486748] registered taskstats version 1
Nov 11 16:00:23 Daniel kernel: [    0.487761] Loading compiled-in X.509 certificates
Nov 11 16:00:23 Daniel kernel: [    0.489597] Btrfs loaded, crc32c=crc32c-generic, zoned=no, fsverity=no
Nov 11 16:00:23 Daniel kernel: [    0.493591] Freeing unused kernel image (initmem) memory: 2008K
Nov 11 16:00:23 Daniel kernel: [    0.494235] Write protecting the kernel read-only data: 30720k
Nov 11 16:00:23 Daniel kernel: [    0.495644] Freeing unused kernel image (text/rodata gap) memory: 2024K
Nov 11 16:00:23 Daniel kernel: [    0.496670] Freeing unused kernel image (rodata/data gap) memory: 592K
Nov 11 16:00:23 Daniel kernel: [    0.497178] Run /init as init process
Nov 11 16:00:23 Daniel kernel: [    0.497416]   with arguments:
Nov 11 16:00:23 Daniel kernel: [    0.497632]     /init
Nov 11 16:00:23 Daniel kernel: [    0.497789]   with environment:
Nov 11 16:00:23 Daniel kernel: [    0.498209]     HOME=/
Nov 11 16:00:23 Daniel kernel: [    0.498372]     TERM=linux
Nov 11 16:00:23 Daniel kernel: [    0.498513]     WSL_ROOT_INIT=1
Nov 11 16:00:23 Daniel kernel: [    0.498703]     WSL_ENABLE_CRASH_DUMP=1
Nov 11 16:00:23 Daniel kernel: [    0.590946] hv_vmbus: Unknown GUID: 6e382d18-3336-4f4b-acc4-2b7703d4df4a
Nov 11 16:00:23 Daniel kernel: [    0.592868] hv_vmbus: Unknown GUID: dde9cbc0-5060-4436-9448-ea1254a5d177
Nov 11 16:00:23 Daniel kernel: [    0.593638] hv_pci d86c39a7-be77-4cc2-9257-d2a1f67c3c0d: PCI VMBus probing: Using version 0x10004
Nov 11 16:00:23 Daniel kernel: [    0.595407] hv_pci d86c39a7-be77-4cc2-9257-d2a1f67c3c0d: PCI host bridge to bus be77:00
Nov 11 16:00:23 Daniel kernel: [    0.596403] pci_bus be77:00: No busn resource found for root bus, will use [bus 00-ff]
Nov 11 16:00:23 Daniel kernel: [    0.597598] pci be77:00:00.0: [1414:008e] type 00 class 0x030200
Nov 11 16:00:23 Daniel kernel: [    0.607947] pci_bus be77:00: busn_res: [bus 00-ff] end is updated to 00
Nov 11 16:00:23 Daniel kernel: [    0.614422] scsi 0:0:0:0: Direct-Access     Msft     Virtual Disk     1.0  PQ: 0 ANSI: 5
Nov 11 16:00:23 Daniel kernel: [    0.621908] hv_vmbus: Unknown GUID: 6e382d18-3336-4f4b-acc4-2b7703d4df4a
Nov 11 16:00:23 Daniel kernel: [    0.624516] hv_pci 90720080-928c-4ff3-81a4-95f1a297cfeb: PCI VMBus probing: Using version 0x10004
Nov 11 16:00:23 Daniel kernel: [    0.630116] hv_pci 90720080-928c-4ff3-81a4-95f1a297cfeb: PCI host bridge to bus 928c:00
Nov 11 16:00:23 Daniel kernel: [    0.631338] pci_bus 928c:00: No busn resource found for root bus, will use [bus 00-ff]
Nov 11 16:00:23 Daniel kernel: [    0.635424] pci 928c:00:00.0: [1414:008e] type 00 class 0x030200
Nov 11 16:00:23 Daniel kernel: [    0.643170] pci_bus 928c:00: busn_res: [bus 00-ff] end is updated to 00
Nov 11 16:00:23 Daniel kernel: [    0.650710] scsi 0:0:0:0: Attached scsi generic sg0 type 0
Nov 11 16:00:23 Daniel kernel: [    0.655579] scsi 0:0:0:1: Direct-Access     Msft     Virtual Disk     1.0  PQ: 0 ANSI: 5
Nov 11 16:00:23 Daniel kernel: [    0.656662] sd 0:0:0:0: [sda] 795504 512-byte logical blocks: (407 MB/388 MiB)
Nov 11 16:00:23 Daniel kernel: [    0.657417] sd 0:0:0:0: [sda] Write Protect is on
Nov 11 16:00:23 Daniel kernel: [    0.657829] sd 0:0:0:0: [sda] Mode Sense: 0f 00 80 00
Nov 11 16:00:23 Daniel kernel: [    0.659269] sd 0:0:0:0: [sda] Write cache: disabled, read cache: enabled, doesn't support DPO or FUA
Nov 11 16:00:23 Daniel kernel: [    0.663279] sd 0:0:0:0: [sda] Attached SCSI disk
Nov 11 16:00:23 Daniel kernel: [    0.672915] sd 0:0:0:1: Attached scsi generic sg1 type 0
Nov 11 16:00:23 Daniel kernel: [    0.673873] EXT4-fs (sda): mounted filesystem without journal. Opts: (null). Quota mode: none.
Nov 11 16:00:23 Daniel kernel: [    0.675654] sd 0:0:0:1: [sdb] 6291464 512-byte logical blocks: (3.22 GB/3.00 GiB)
Nov 11 16:00:23 Daniel kernel: [    0.676321] sd 0:0:0:1: [sdb] 4096-byte physical blocks
Nov 11 16:00:23 Daniel kernel: [    0.677090] sd 0:0:0:1: [sdb] Write Protect is off
Nov 11 16:00:23 Daniel kernel: [    0.677543] sd 0:0:0:1: [sdb] Mode Sense: 0f 00 00 00
Nov 11 16:00:23 Daniel kernel: [    0.679184] sd 0:0:0:1: [sdb] Write cache: enabled, read cache: enabled, doesn't support DPO or FUA
Nov 11 16:00:23 Daniel kernel: [    0.687428] sd 0:0:0:1: [sdb] Attached SCSI disk
Nov 11 16:00:23 Daniel kernel: [    0.743401] Adding 3145728k swap on /dev/sdb.  Priority:-2 extents:1 across:3145728k 
Nov 11 16:00:23 Daniel kernel: [    0.856038] IPv6: ADDRCONF(NETDEV_CHANGE): eth0: link becomes ready
Nov 11 16:00:23 Daniel kernel: [    1.080256] hv_pci cb4c5df3-f0ad-457e-a825-f76713739d13: PCI VMBus probing: Using version 0x10004
Nov 11 16:00:23 Daniel kernel: [    1.083863] hv_pci cb4c5df3-f0ad-457e-a825-f76713739d13: PCI host bridge to bus f0ad:00
Nov 11 16:00:23 Daniel kernel: [    1.085250] pci_bus f0ad:00: root bus resource [mem 0xc00000000-0xe00001fff window]
Nov 11 16:00:23 Daniel kernel: [    1.085714] pci_bus f0ad:00: No busn resource found for root bus, will use [bus 00-ff]
Nov 11 16:00:23 Daniel kernel: [    1.087515] pci f0ad:00:00.0: [1af4:105a] type 00 class 0x088000
Nov 11 16:00:23 Daniel kernel: [    1.091081] pci f0ad:00:00.0: reg 0x10: [mem 0xe00000000-0xe00000fff 64bit]
Nov 11 16:00:23 Daniel kernel: [    1.096972] pci f0ad:00:00.0: reg 0x18: [mem 0xe00001000-0xe00001fff 64bit]
Nov 11 16:00:23 Daniel kernel: [    1.100359] pci f0ad:00:00.0: reg 0x20: [mem 0xc00000000-0xdffffffff 64bit]
Nov 11 16:00:23 Daniel kernel: [    1.106048] pci_bus f0ad:00: busn_res: [bus 00-ff] end is updated to 00
Nov 11 16:00:23 Daniel kernel: [    1.106497] pci f0ad:00:00.0: BAR 4: assigned [mem 0xc00000000-0xdffffffff 64bit]
Nov 11 16:00:23 Daniel kernel: [    1.110722] pci f0ad:00:00.0: BAR 0: assigned [mem 0xe00000000-0xe00000fff 64bit]
Nov 11 16:00:23 Daniel kernel: [    1.114309] pci f0ad:00:00.0: BAR 2: assigned [mem 0xe00001000-0xe00001fff 64bit]
Nov 11 16:00:23 Daniel kernel: [    1.133573] virtiofs virtio1: Cache len: 0x200000000 @ 0xc00000000
Nov 11 16:00:23 Daniel kernel: [    1.207806] memmap_init_zone_device initialised 2097152 pages in 30ms
Nov 11 16:00:23 Daniel kernel: [    1.228271] FS-Cache: Duplicate cookie detected
Nov 11 16:00:23 Daniel kernel: [    1.236014] FS-Cache: O-cookie c=00000006 [p=00000002 fl=222 nc=0 na=1]
Nov 11 16:00:23 Daniel kernel: [    1.237862] FS-Cache: O-cookie d=00000000a07e22b8{9P.session} n=000000008e9fc03b
Nov 11 16:00:23 Daniel kernel: [    1.238386] FS-Cache: O-key=[10] '34323934393337343039'
Nov 11 16:00:23 Daniel kernel: [    1.238699] FS-Cache: N-cookie c=00000007 [p=00000002 fl=2 nc=0 na=1]
Nov 11 16:00:23 Daniel kernel: [    1.239049] FS-Cache: N-cookie d=00000000a07e22b8{9P.session} n=000000001e168857
Nov 11 16:00:23 Daniel kernel: [    1.239459] FS-Cache: N-key=[10] '34323934393337343039'
Nov 11 16:00:23 Daniel kernel: [    1.271909] scsi 0:0:0:2: Direct-Access     Msft     Virtual Disk     1.0  PQ: 0 ANSI: 5
Nov 11 16:00:23 Daniel kernel: [    1.284850] sd 0:0:0:2: Attached scsi generic sg2 type 0
Nov 11 16:00:23 Daniel kernel: [    1.285546] sd 0:0:0:2: [sdc] 2147483648 512-byte logical blocks: (1.10 TB/1.00 TiB)
Nov 11 16:00:23 Daniel kernel: [    1.285928] sd 0:0:0:2: [sdc] 4096-byte physical blocks
Nov 11 16:00:23 Daniel kernel: [    1.286215] sd 0:0:0:2: [sdc] Write Protect is off
Nov 11 16:00:23 Daniel kernel: [    1.286420] sd 0:0:0:2: [sdc] Mode Sense: 0f 00 00 00
Nov 11 16:00:23 Daniel kernel: [    1.286776] sd 0:0:0:2: [sdc] Write cache: enabled, read cache: enabled, doesn't support DPO or FUA
Nov 11 16:00:23 Daniel kernel: [    1.289413] sd 0:0:0:2: [sdc] Attached SCSI disk
Nov 11 16:00:23 Daniel kernel: [    1.311621] EXT4-fs (sdc): mounted filesystem with ordered data mode. Opts: discard,errors=remount-ro,data=ordered. Quota mode: none.
Nov 11 16:00:23 Daniel kernel: [    1.374119] clocksource: tsc: mask: 0xffffffffffffffff max_cycles: 0x2a1127c03e1, max_idle_ns: 440795223858 ns
Nov 11 16:00:23 Daniel kernel: [    1.380366] clocksource: Switched to clocksource tsc
Nov 11 16:00:23 Daniel kernel: [    2.189654] misc dxg: dxgk: dxgkio_is_feature_enabled: Ioctl failed: -22
Nov 11 16:00:23 Daniel kernel: [    2.204704] misc dxg: dxgk: dxgkio_query_adapter_info: Ioctl failed: -22
Nov 11 16:00:23 Daniel kernel: [    2.205431] misc dxg: dxgk: dxgkio_query_adapter_info: Ioctl failed: -22
Nov 11 16:00:23 Daniel kernel: [    2.206063] misc dxg: dxgk: dxgkio_query_adapter_info: Ioctl failed: -22
Nov 11 16:00:23 Daniel kernel: [    2.206792] misc dxg: dxgk: dxgkio_query_adapter_info: Ioctl failed: -2
Nov 11 16:00:23 Daniel kernel: [    2.208359] misc dxg: dxgk: dxgkio_query_adapter_info: Ioctl failed: -22
Nov 11 16:00:23 Daniel kernel: [    2.209176] misc dxg: dxgk: dxgkio_query_adapter_info: Ioctl failed: -22
Nov 11 16:00:23 Daniel kernel: [    2.209798] misc dxg: dxgk: dxgkio_query_adapter_info: Ioctl failed: -22
Nov 11 16:00:23 Daniel kernel: [    2.210678] misc dxg: dxgk: dxgkio_query_adapter_info: Ioctl failed: -2
Nov 11 16:01:10 Daniel kernel: [   49.338280] hv_balloon: Max. dynamic memory size: 12100 MB
Nov 11 16:02:25 Daniel kernel: [  123.912099] misc dxg: dxgk: dxgkio_is_feature_enabled: Ioctl failed: -22
Nov 11 16:02:25 Daniel kernel: [  124.124029] misc dxg: dxgk: dxgkio_query_adapter_info: Ioctl failed: -22
Nov 11 16:02:25 Daniel kernel: [  124.125025] misc dxg: dxgk: dxgkio_query_adapter_info: Ioctl failed: -22
Nov 11 16:02:25 Daniel kernel: [  124.125881] misc dxg: dxgk: dxgkio_query_adapter_info: Ioctl failed: -22
Nov 11 16:02:25 Daniel kernel: [  124.127449] misc dxg: dxgk: dxgkio_query_adapter_info: Ioctl failed: -2
Nov 11 16:02:25 Daniel kernel: [  124.130422] misc dxg: dxgk: dxgkio_query_adapter_info: Ioctl failed: -22
Nov 11 16:02:25 Daniel kernel: [  124.131824] misc dxg: dxgk: dxgkio_query_adapter_info: Ioctl failed: -22
Nov 11 16:02:25 Daniel kernel: [  124.132964] misc dxg: dxgk: dxgkio_query_adapter_info: Ioctl failed: -22
Nov 11 16:02:25 Daniel kernel: [  124.133977] misc dxg: dxgk: dxgkio_query_adapter_info: Ioctl failed: -2
Nov 11 16:19:51 Daniel kernel: [ 1170.870521] mini_init (191): drop_caches: 1
Nov 11 16:32:51 Daniel kernel: [ 1950.726932] mini_init (191): drop_caches: 1
Nov 11 18:50:49 Daniel kernel: [    0.000000] Linux version 5.15.153.1-microsoft-standard-WSL2 (root@941d701f84f1) (gcc (GCC) 11.2.0, GNU ld (GNU Binutils) 2.37) #1 SMP Fri Mar 29 23:14:13 UTC 2024
Nov 11 18:50:49 Daniel kernel: [    0.000000] Command line: initrd=\initrd.img WSL_ROOT_INIT=1 panic=-1 nr_cpus=16 hv_utils.timesync_implicit=1 console=hvc0 debug pty.legacy_count=0 WSL_ENABLE_CRASH_DUMP=1
Nov 11 18:50:49 Daniel kernel: [    0.000000] KERNEL supported cpus:
Nov 11 18:50:49 Daniel kernel: [    0.000000]   Intel GenuineIntel
Nov 11 18:50:49 Daniel kernel: [    0.000000]   AMD AuthenticAMD
Nov 11 18:50:49 Daniel kernel: [    0.000000]   Centaur CentaurHauls
Nov 11 18:50:49 Daniel kernel: [    0.000000] BIOS-provided physical RAM map:
Nov 11 18:50:49 Daniel kernel: [    0.000000] BIOS-e820: [mem 0x0000000000000000-0x000000000009ffff] usable
Nov 11 18:50:49 Daniel kernel: [    0.000000] BIOS-e820: [mem 0x00000000000e0000-0x00000000000e0fff] reserved
Nov 11 18:50:49 Daniel kernel: [    0.000000] BIOS-e820: [mem 0x0000000000100000-0x00000000001fffff] ACPI data
Nov 11 18:50:49 Daniel kernel: [    0.000000] BIOS-e820: [mem 0x0000000000200000-0x00000000f7ffffff] usable
Nov 11 18:50:49 Daniel kernel: [    0.000000] BIOS-e820: [mem 0x0000000100000000-0x00000002fc3fffff] usable
Nov 11 18:50:49 Daniel kernel: [    0.000000] NX (Execute Disable) protection: active
Nov 11 18:50:49 Daniel kernel: [    0.000000] DMI not present or invalid.
Nov 11 18:50:49 Daniel kernel: [    0.000000] Hypervisor detected: Microsoft Hyper-V
Nov 11 18:50:49 Daniel kernel: [    0.000000] Hyper-V: privilege flags low 0xae7f, high 0x3b8030, hints 0xa4e24, misc 0xe0bed7b2
Nov 11 18:50:49 Daniel kernel: [    0.000000] Hyper-V Host Build:22621-10.0-4-0.4391
Nov 11 18:50:49 Daniel kernel: [    0.000000] Hyper-V: Nested features: 0x3e0101
Nov 11 18:50:49 Daniel kernel: [    0.000000] Hyper-V: LAPIC Timer Frequency: 0x1e8480
Nov 11 18:50:49 Daniel kernel: [    0.000000] Hyper-V: Using hypercall for remote TLB flush
Nov 11 18:50:49 Daniel kernel: [    0.000000] clocksource: hyperv_clocksource_tsc_page: mask: 0xffffffffffffffff max_cycles: 0x24e6a1710, max_idle_ns: 440795202120 ns
Nov 11 18:50:49 Daniel kernel: [    0.000002] tsc: Detected 2918.399 MHz processor
Nov 11 18:50:49 Daniel kernel: [    0.000010] e820: update [mem 0x00000000-0x00000fff] usable ==> reserved
Nov 11 18:50:49 Daniel kernel: [    0.000013] e820: remove [mem 0x000a0000-0x000fffff] usable
Nov 11 18:50:49 Daniel kernel: [    0.000016] last_pfn = 0x2fc400 max_arch_pfn = 0x400000000
Nov 11 18:50:49 Daniel kernel: [    0.000041] x86/PAT: Configuration [0-7]: WB  WC  UC- UC  WB  WP  UC- WT  
Nov 11 18:50:49 Daniel kernel: [    0.000053] last_pfn = 0xf8000 max_arch_pfn = 0x400000000
Nov 11 18:50:49 Daniel kernel: [    0.000060] Using GB pages for direct mapping
Nov 11 18:50:49 Daniel kernel: [    0.000061] Incomplete global flushes, disabling PCID
Nov 11 18:50:49 Daniel kernel: [    0.000350] RAMDISK: [mem 0x03dda000-0x04001fff]
Nov 11 18:50:49 Daniel kernel: [    0.000353] ACPI: Early table checksum verification disabled
Nov 11 18:50:49 Daniel kernel: [    0.000355] ACPI: RSDP 0x00000000000E0000 000024 (v02 VRTUAL)
Nov 11 18:50:49 Daniel kernel: [    0.000360] ACPI: XSDT 0x0000000000100000 000044 (v01 VRTUAL MICROSFT 00000001 MSFT 00000001)
Nov 11 18:50:49 Daniel kernel: [    0.000366] ACPI: FACP 0x0000000000101000 000114 (v06 VRTUAL MICROSFT 00000001 MSFT 00000001)
Nov 11 18:50:49 Daniel kernel: [    0.000371] ACPI: DSDT 0x00000000001011B8 01E191 (v02 MSFTVM DSDT01   00000001 MSFT 05000000)
Nov 11 18:50:49 Daniel kernel: [    0.000374] ACPI: FACS 0x0000000000101114 000040
Nov 11 18:50:49 Daniel kernel: [    0.000377] ACPI: OEM0 0x0000000000101154 000064 (v01 VRTUAL MICROSFT 00000001 MSFT 00000001)
Nov 11 18:50:49 Daniel kernel: [    0.000380] ACPI: SRAT 0x000000000011F349 0003B0 (v02 VRTUAL MICROSFT 00000001 MSFT 00000001)
Nov 11 18:50:49 Daniel kernel: [    0.000383] ACPI: APIC 0x000000000011F6F9 0000C8 (v04 VRTUAL MICROSFT 00000001 MSFT 00000001)
Nov 11 18:50:49 Daniel kernel: [    0.000385] ACPI: Reserving FACP table memory at [mem 0x101000-0x101113]
Nov 11 18:50:49 Daniel kernel: [    0.000387] ACPI: Reserving DSDT table memory at [mem 0x1011b8-0x11f348]
Nov 11 18:50:49 Daniel kernel: [    0.000388] ACPI: Reserving FACS table memory at [mem 0x101114-0x101153]
Nov 11 18:50:49 Daniel kernel: [    0.000389] ACPI: Reserving OEM0 table memory at [mem 0x101154-0x1011b7]
Nov 11 18:50:49 Daniel kernel: [    0.000390] ACPI: Reserving SRAT table memory at [mem 0x11f349-0x11f6f8]
Nov 11 18:50:49 Daniel kernel: [    0.000391] ACPI: Reserving APIC table memory at [mem 0x11f6f9-0x11f7c0]
Nov 11 18:50:49 Daniel kernel: [    0.000583] Zone ranges:
Nov 11 18:50:49 Daniel kernel: [    0.000584]   DMA      [mem 0x0000000000001000-0x0000000000ffffff]
Nov 11 18:50:49 Daniel kernel: [    0.000585]   DMA32    [mem 0x0000000001000000-0x00000000ffffffff]
Nov 11 18:50:49 Daniel kernel: [    0.000587]   Normal   [mem 0x0000000100000000-0x00000002fc3fffff]
Nov 11 18:50:49 Daniel kernel: [    0.000588]   Device   empty
Nov 11 18:50:49 Daniel kernel: [    0.000589] Movable zone start for each node
Nov 11 18:50:49 Daniel kernel: [    0.000590] Early memory node ranges
Nov 11 18:50:49 Daniel kernel: [    0.000591]   node   0: [mem 0x0000000000001000-0x000000000009ffff]
Nov 11 18:50:49 Daniel kernel: [    0.000592]   node   0: [mem 0x0000000000200000-0x00000000f7ffffff]
Nov 11 18:50:49 Daniel kernel: [    0.000593]   node   0: [mem 0x0000000100000000-0x00000002fc3fffff]
Nov 11 18:50:49 Daniel kernel: [    0.000594] Initmem setup node 0 [mem 0x0000000000001000-0x00000002fc3fffff]
Nov 11 18:50:49 Daniel kernel: [    0.000750] On node 0, zone DMA: 1 pages in unavailable ranges
Nov 11 18:50:49 Daniel kernel: [    0.000771] On node 0, zone DMA: 352 pages in unavailable ranges
Nov 11 18:50:49 Daniel kernel: [    0.011085] On node 0, zone Normal: 15360 pages in unavailable ranges
Nov 11 18:50:49 Daniel kernel: [    0.011130] ACPI: LAPIC_NMI (acpi_id[0x01] dfl dfl lint[0x1])
Nov 11 18:50:49 Daniel kernel: [    0.011359] IOAPIC[0]: apic_id 16, version 17, address 0xfec00000, GSI 0-23
Nov 11 18:50:49 Daniel kernel: [    0.011362] ACPI: INT_SRC_OVR (bus 0 bus_irq 9 global_irq 9 high level)
Nov 11 18:50:49 Daniel kernel: [    0.011366] ACPI: Using ACPI (MADT) for SMP configuration information
Nov 11 18:50:49 Daniel kernel: [    0.011367] TSC deadline timer available
Nov 11 18:50:49 Daniel kernel: [    0.011369] smpboot: Allowing 16 CPUs, 0 hotplug CPUs
Nov 11 18:50:49 Daniel kernel: [    0.011376] [mem 0xf8000000-0xffffffff] available for PCI devices
Nov 11 18:50:49 Daniel kernel: [    0.011377] Booting paravirtualized kernel on Hyper-V
Nov 11 18:50:49 Daniel kernel: [    0.011379] clocksource: refined-jiffies: mask: 0xffffffff max_cycles: 0xffffffff, max_idle_ns: 19112604462750000 ns
Nov 11 18:50:49 Daniel kernel: [    0.017404] setup_percpu: NR_CPUS:256 nr_cpumask_bits:256 nr_cpu_ids:16 nr_node_ids:1
Nov 11 18:50:49 Daniel kernel: [    0.018131] percpu: Embedded 54 pages/cpu s180696 r8192 d32296 u262144
Nov 11 18:50:49 Daniel kernel: [    0.018136] pcpu-alloc: s180696 r8192 d32296 u262144 alloc=1*2097152
Nov 11 18:50:49 Daniel kernel: [    0.018139] pcpu-alloc: [0] 00 01 02 03 04 05 06 07 [0] 08 09 10 11 12 13 14 15 
Nov 11 18:50:49 Daniel kernel: [    0.018154] Hyper-V: PV spinlocks enabled
Nov 11 18:50:49 Daniel kernel: [    0.018156] PV qspinlock hash table entries: 256 (order: 0, 4096 bytes, linear)
Nov 11 18:50:49 Daniel kernel: [    0.018160] Built 1 zonelists, mobility grouping on.  Total pages: 3048181
Nov 11 18:50:49 Daniel kernel: [    0.018162] Kernel command line: initrd=\initrd.img WSL_ROOT_INIT=1 panic=-1 nr_cpus=16 hv_utils.timesync_implicit=1 console=hvc0 debug pty.legacy_count=0 WSL_ENABLE_CRASH_DUMP=1
Nov 11 18:50:49 Daniel kernel: [    0.018220] Unknown kernel command line parameters "WSL_ROOT_INIT=1 WSL_ENABLE_CRASH_DUMP=1", will be passed to user space.
Nov 11 18:50:49 Daniel kernel: [    0.020478] Dentry cache hash table entries: 2097152 (order: 12, 16777216 bytes, linear)
Nov 11 18:50:49 Daniel kernel: [    0.021753] Inode-cache hash table entries: 1048576 (order: 11, 8388608 bytes, linear)
Nov 11 18:50:49 Daniel kernel: [    0.021898] mem auto-init: stack:off, heap alloc:off, heap free:off
Nov 11 18:50:49 Daniel kernel: [    0.050238] Memory: 4081188K/12388988K available (18452K kernel code, 2628K rwdata, 9648K rodata, 2008K init, 1816K bss, 334864K reserved, 0K cma-reserved)
Nov 11 18:50:49 Daniel kernel: [    0.050392] SLUB: HWalign=64, Order=0-3, MinObjects=0, CPUs=16, Nodes=1
Nov 11 18:50:49 Daniel kernel: [    0.050420] ftrace: allocating 52916 entries in 207 pages
Nov 11 18:50:49 Daniel kernel: [    0.077813] ftrace: allocated 207 pages with 6 groups
Nov 11 18:50:49 Daniel kernel: [    0.078104] rcu: Hierarchical RCU implementation.
Nov 11 18:50:49 Daniel kernel: [    0.078106] rcu: 	RCU restricting CPUs from NR_CPUS=256 to nr_cpu_ids=16.
Nov 11 18:50:49 Daniel kernel: [    0.078108] 	Rude variant of Tasks RCU enabled.
Nov 11 18:50:49 Daniel kernel: [    0.078108] 	Tracing variant of Tasks RCU enabled.
Nov 11 18:50:49 Daniel kernel: [    0.078109] rcu: RCU calculated value of scheduler-enlistment delay is 10 jiffies.
Nov 11 18:50:49 Daniel kernel: [    0.078110] rcu: Adjusting geometry for rcu_fanout_leaf=16, nr_cpu_ids=16
Nov 11 18:50:49 Daniel kernel: [    0.082459] Using NULL legacy PIC
Nov 11 18:50:49 Daniel kernel: [    0.082463] NR_IRQS: 16640, nr_irqs: 552, preallocated irqs: 0
Nov 11 18:50:49 Daniel kernel: [    0.082705] random: crng init done
Nov 11 18:50:49 Daniel kernel: [    0.082733] Console: colour dummy device 80x25
Nov 11 18:50:49 Daniel kernel: [    0.082745] ACPI: Core revision 20210730
Nov 11 18:50:49 Daniel kernel: [    0.082823] Failed to register legacy timer interrupt
Nov 11 18:50:49 Daniel kernel: [    0.082824] APIC: Switch to symmetric I/O mode setup
Nov 11 18:50:49 Daniel kernel: [    0.084087] x2apic enabled
Nov 11 18:50:49 Daniel kernel: [    0.085507] Switched APIC routing to physical x2apic.
Nov 11 18:50:49 Daniel kernel: [    0.085529] Hyper-V: Using IPI hypercalls
Nov 11 18:50:49 Daniel kernel: [    0.085591] clocksource: tsc-early: mask: 0xffffffffffffffff max_cycles: 0x2a1127c03e1, max_idle_ns: 440795223858 ns
Nov 11 18:50:49 Daniel kernel: [    0.085597] Calibrating delay loop (skipped), value calculated using timer frequency.. 5836.79 BogoMIPS (lpj=29183990)
Nov 11 18:50:49 Daniel kernel: [    0.085679] x86/cpu: User Mode Instruction Prevention (UMIP) activated
Nov 11 18:50:49 Daniel kernel: [    0.085688] Last level iTLB entries: 4KB 0, 2MB 0, 4MB 0
Nov 11 18:50:49 Daniel kernel: [    0.085689] Last level dTLB entries: 4KB 0, 2MB 0, 4MB 0, 1GB 0
Nov 11 18:50:49 Daniel kernel: [    0.085692] Spectre V1 : Mitigation: usercopy/swapgs barriers and __user pointer sanitization
Nov 11 18:50:49 Daniel kernel: [    0.085695] Spectre V2 : Mitigation: Enhanced IBRS
Nov 11 18:50:49 Daniel kernel: [    0.085695] Spectre V2 : Spectre v2 / SpectreRSB mitigation: Filling RSB on context switch
Nov 11 18:50:49 Daniel kernel: [    0.085696] Spectre V2 : Spectre v2 / PBRSB-eIBRS: Retire a single CALL on VMEXIT
Nov 11 18:50:49 Daniel kernel: [    0.085697] RETBleed: Mitigation: Enhanced IBRS
Nov 11 18:50:49 Daniel kernel: [    0.085698] Spectre V2 : mitigation: Enabling conditional Indirect Branch Prediction Barrier
Nov 11 18:50:49 Daniel kernel: [    0.085699] Speculative Store Bypass: Mitigation: Speculative Store Bypass disabled via prctl and seccomp
Nov 11 18:50:49 Daniel kernel: [    0.085711] x86/fpu: Supporting XSAVE feature 0x001: 'x87 floating point registers'
Nov 11 18:50:49 Daniel kernel: [    0.085712] x86/fpu: Supporting XSAVE feature 0x002: 'SSE registers'
Nov 11 18:50:49 Daniel kernel: [    0.085713] x86/fpu: Supporting XSAVE feature 0x004: 'AVX registers'
Nov 11 18:50:49 Daniel kernel: [    0.085715] x86/fpu: xstate_offset[2]:  576, xstate_sizes[2]:  256
Nov 11 18:50:49 Daniel kernel: [    0.085716] x86/fpu: Enabled xstate features 0x7, context size is 832 bytes, using 'compacted' format.
Nov 11 18:50:49 Daniel kernel: [    0.095594] Freeing SMP alternatives memory: 60K
Nov 11 18:50:49 Daniel kernel: [    0.095594] pid_max: default: 32768 minimum: 301
Nov 11 18:50:49 Daniel kernel: [    0.095594] LSM: Security Framework initializing
Nov 11 18:50:49 Daniel kernel: [    0.095594] landlock: Up and running.
Nov 11 18:50:49 Daniel kernel: [    0.095594] Mount-cache hash table entries: 32768 (order: 6, 262144 bytes, linear)
Nov 11 18:50:49 Daniel kernel: [    0.095594] Mountpoint-cache hash table entries: 32768 (order: 6, 262144 bytes, linear)
Nov 11 18:50:49 Daniel kernel: [    0.095594] smpboot: CPU0: 13th Gen Intel(R) Core(TM) i7-13620H (family: 0x6, model: 0xba, stepping: 0x2)
Nov 11 18:50:49 Daniel kernel: [    0.095594] Performance Events: unsupported p6 CPU model 186 no PMU driver, software events only.
Nov 11 18:50:49 Daniel kernel: [    0.095594] signal: max sigframe size: 1776
Nov 11 18:50:49 Daniel kernel: [    0.095594] rcu: Hierarchical SRCU implementation.
Nov 11 18:50:49 Daniel kernel: [    0.095594] smp: Bringing up secondary CPUs ...
Nov 11 18:50:49 Daniel kernel: [    0.095594] x86: Booting SMP configuration:
Nov 11 18:50:49 Daniel kernel: [    0.095594] .... node  #0, CPUs:        #1  #2  #3  #4  #5  #6  #7  #8  #9 #10 #11 #12 #13 #14 #15
Nov 11 18:50:49 Daniel kernel: [    0.095594] smp: Brought up 1 node, 16 CPUs
Nov 11 18:50:49 Daniel kernel: [    0.095594] smpboot: Max logical packages: 1
Nov 11 18:50:49 Daniel kernel: [    0.095594] smpboot: Total of 16 processors activated (93388.76 BogoMIPS)
Nov 11 18:50:49 Daniel kernel: [    0.100330] node 0 deferred pages initialised in 10ms
Nov 11 18:50:49 Daniel kernel: [    0.101595] devtmpfs: initialized
Nov 11 18:50:49 Daniel kernel: [    0.101595] x86/mm: Memory block size: 128MB
Nov 11 18:50:49 Daniel kernel: [    0.101595] clocksource: jiffies: mask: 0xffffffff max_cycles: 0xffffffff, max_idle_ns: 19112604462750000 ns
Nov 11 18:50:49 Daniel kernel: [    0.101595] futex hash table entries: 4096 (order: 6, 262144 bytes, linear)
Nov 11 18:50:49 Daniel kernel: [    0.101595] NET: Registered PF_NETLINK/PF_ROUTE protocol family
Nov 11 18:50:49 Daniel kernel: [    0.101595] audit: initializing netlink subsys (disabled)
Nov 11 18:50:49 Daniel kernel: [    0.101595] audit: type=2000 audit(1731369046.010:1): state=initialized audit_enabled=0 res=1
Nov 11 18:50:49 Daniel kernel: [    0.101595] thermal_sys: Registered thermal governor 'step_wise'
Nov 11 18:50:49 Daniel kernel: [    0.101595] cpuidle: using governor menu
Nov 11 18:50:49 Daniel kernel: [    0.101595] ACPI: bus type PCI registered
Nov 11 18:50:49 Daniel kernel: [    0.101595] PCI: Fatal: No config space access function found
Nov 11 18:50:49 Daniel kernel: [    0.106225] kprobes: kprobe jump-optimization is enabled. All kprobes are optimized if possible.
Nov 11 18:50:49 Daniel kernel: [    0.106247] HugeTLB registered 1.00 GiB page size, pre-allocated 0 pages
Nov 11 18:50:49 Daniel kernel: [    0.106247] HugeTLB registered 2.00 MiB page size, pre-allocated 0 pages
Nov 11 18:50:49 Daniel kernel: [    0.106247] raid6: skip pq benchmark and using algorithm avx2x4
Nov 11 18:50:49 Daniel kernel: [    0.106247] raid6: using avx2x2 recovery algorithm
Nov 11 18:50:49 Daniel kernel: [    0.106247] ACPI: Added _OSI(Module Device)
Nov 11 18:50:49 Daniel kernel: [    0.106247] ACPI: Added _OSI(Processor Device)
Nov 11 18:50:49 Daniel kernel: [    0.106247] ACPI: Added _OSI(3.0 _SCP Extensions)
Nov 11 18:50:49 Daniel kernel: [    0.106247] ACPI: Added _OSI(Processor Aggregator Device)
Nov 11 18:50:49 Daniel kernel: [    0.106247] ACPI: Added _OSI(Linux-Dell-Video)
Nov 11 18:50:49 Daniel kernel: [    0.106247] ACPI: Added _OSI(Linux-Lenovo-NV-HDMI-Audio)
Nov 11 18:50:49 Daniel kernel: [    0.106247] ACPI: Added _OSI(Linux-HPI-Hybrid-Graphics)
Nov 11 18:50:49 Daniel kernel: [    0.108447] ACPI: 1 ACPI AML tables successfully acquired and loaded
Nov 11 18:50:49 Daniel kernel: [    0.109032] ACPI: Interpreter enabled
Nov 11 18:50:49 Daniel kernel: [    0.109034] ACPI: PM: (supports S0 S5)
Nov 11 18:50:49 Daniel kernel: [    0.109036] ACPI: Using IOAPIC for interrupt routing
Nov 11 18:50:49 Daniel kernel: [    0.109041] PCI: Using host bridge windows from ACPI; if necessary, use "pci=nocrs" and report a bug
